Archive member included because of file (symbol)

c:/program files (x86)/emblocks/1.21/share/em_armgcc/bin/../lib/gcc/arm-none-eabi/4.7.3/../../../../arm-none-eabi/lib/armv7e-m/softfp\libc.a(lib_a-__atexit.o)
                              c:/program files (x86)/emblocks/1.21/share/em_armgcc/bin/../lib/gcc/arm-none-eabi/4.7.3/../../../../arm-none-eabi/lib/armv7e-m/softfp/crt0.o (__register_exitproc)
c:/program files (x86)/emblocks/1.21/share/em_armgcc/bin/../lib/gcc/arm-none-eabi/4.7.3/../../../../arm-none-eabi/lib/armv7e-m/softfp\libc.a(lib_a-exit.o)
                              c:/program files (x86)/emblocks/1.21/share/em_armgcc/bin/../lib/gcc/arm-none-eabi/4.7.3/../../../../arm-none-eabi/lib/armv7e-m/softfp/crt0.o (exit)
c:/program files (x86)/emblocks/1.21/share/em_armgcc/bin/../lib/gcc/arm-none-eabi/4.7.3/../../../../arm-none-eabi/lib/armv7e-m/softfp\libc.a(lib_a-fini.o)
                              c:/program files (x86)/emblocks/1.21/share/em_armgcc/bin/../lib/gcc/arm-none-eabi/4.7.3/../../../../arm-none-eabi/lib/armv7e-m/softfp/crt0.o (__libc_fini_array)
c:/program files (x86)/emblocks/1.21/share/em_armgcc/bin/../lib/gcc/arm-none-eabi/4.7.3/../../../../arm-none-eabi/lib/armv7e-m/softfp\libc.a(lib_a-impure.o)
                              c:/program files (x86)/emblocks/1.21/share/em_armgcc/bin/../lib/gcc/arm-none-eabi/4.7.3/../../../../arm-none-eabi/lib/armv7e-m/softfp\libc.a(lib_a-__atexit.o) (_global_impure_ptr)
c:/program files (x86)/emblocks/1.21/share/em_armgcc/bin/../lib/gcc/arm-none-eabi/4.7.3/../../../../arm-none-eabi/lib/armv7e-m/softfp\libc.a(lib_a-init.o)
                              c:/program files (x86)/emblocks/1.21/share/em_armgcc/bin/../lib/gcc/arm-none-eabi/4.7.3/../../../../arm-none-eabi/lib/armv7e-m/softfp/crt0.o (__libc_init_array)
c:/program files (x86)/emblocks/1.21/share/em_armgcc/bin/../lib/gcc/arm-none-eabi/4.7.3/../../../../arm-none-eabi/lib/armv7e-m/softfp\libc.a(lib_a-memset.o)
                              c:/program files (x86)/emblocks/1.21/share/em_armgcc/bin/../lib/gcc/arm-none-eabi/4.7.3/../../../../arm-none-eabi/lib/armv7e-m/softfp/crt0.o (memset)
c:/program files (x86)/emblocks/1.21/share/em_armgcc/bin/../lib/gcc/arm-none-eabi/4.7.3/../../../../arm-none-eabi/lib/armv7e-m/softfp\libc.a(lib_a-__call_atexit.o)
                              c:/program files (x86)/emblocks/1.21/share/em_armgcc/bin/../lib/gcc/arm-none-eabi/4.7.3/../../../../arm-none-eabi/lib/armv7e-m/softfp\libc.a(lib_a-exit.o) (__call_exitprocs)
c:/program files (x86)/emblocks/1.21/share/em_armgcc/bin/../lib/gcc/arm-none-eabi/4.7.3/../../../../arm-none-eabi/lib/armv7e-m/softfp\libc.a(lib_a-atexit.o)
                              c:/program files (x86)/emblocks/1.21/share/em_armgcc/bin/../lib/gcc/arm-none-eabi/4.7.3/../../../../arm-none-eabi/lib/armv7e-m/softfp\libc.a(lib_a-__call_atexit.o) (atexit)
c:/program files (x86)/emblocks/1.21/share/em_armgcc/bin/../lib/gcc/arm-none-eabi/4.7.3/../../../../arm-none-eabi/lib/armv7e-m/softfp\libnosys.a(_exit.o)
                              c:/program files (x86)/emblocks/1.21/share/em_armgcc/bin/../lib/gcc/arm-none-eabi/4.7.3/../../../../arm-none-eabi/lib/armv7e-m/softfp\libc.a(lib_a-exit.o) (_exit)

Allocating common symbols
Common symbol       size              file

myBuffer            0x4000            obj\release\main.o
csInitStruct        0x14              obj\release\main.o
fr                  0x1               obj\release\main.o
sdCmd               0xc               obj\release\spi_sdcard.o

Memory Configuration

Name             Origin             Length             Attributes
FLASH            0x08000000         0x00040000         xr
RAM              0x20000000         0x00008000         xrw
//RAM2           0x10000000         0x00010000         xrw
*default*        0x00000000         0xffffffff

Linker script and memory map

LOAD c:/program files (x86)/emblocks/1.21/share/em_armgcc/bin/../lib/gcc/arm-none-eabi/4.7.3/armv7e-m/softfp/crti.o
LOAD c:/program files (x86)/emblocks/1.21/share/em_armgcc/bin/../lib/gcc/arm-none-eabi/4.7.3/armv7e-m/softfp/crtbegin.o
LOAD c:/program files (x86)/emblocks/1.21/share/em_armgcc/bin/../lib/gcc/arm-none-eabi/4.7.3/../../../../arm-none-eabi/lib/armv7e-m/softfp/crt0.o

.text           0x08000000     0x3168
 *(.isr_vector)
 .isr_vector    0x08000000      0x188 obj\release\startup_stm32f4xx.o
                0x08000000                __isr_vector
 *(.text*)
 .text          0x08000188        0x0 c:/program files (x86)/emblocks/1.21/share/em_armgcc/bin/../lib/gcc/arm-none-eabi/4.7.3/armv7e-m/softfp/crti.o
 .text          0x08000188       0x54 c:/program files (x86)/emblocks/1.21/share/em_armgcc/bin/../lib/gcc/arm-none-eabi/4.7.3/armv7e-m/softfp/crtbegin.o
 .text          0x080001dc       0x70 c:/program files (x86)/emblocks/1.21/share/em_armgcc/bin/../lib/gcc/arm-none-eabi/4.7.3/../../../../arm-none-eabi/lib/armv7e-m/softfp/crt0.o
                0x080001dc                _start
                0x080001dc                start
                0x080001dc                _mainCRTStartup
 .text          0x0800024c        0x0 obj\release\audio_if.o
 .text.codecReset
                0x0800024c       0x28 obj\release\audio_if.o
                0x0800024c                codecReset
 .text.codecPwrUp
                0x08000274       0x70 obj\release\audio_if.o
                0x08000274                codecPwrUp
 .text.codecBeep
                0x080002e4       0x24 obj\release\audio_if.o
                0x080002e4                codecBeep
 .text.codecAudioBusInit
                0x08000308        0x4 obj\release\audio_if.o
                0x08000308                codecAudioBusInit
 .text.codecControlBusInit
                0x0800030c        0xc obj\release\audio_if.o
                0x0800030c                codecControlBusInit
 .text          0x08000318        0x0 obj\release\diskio.o
 .text.disk_initialize
                0x08000318       0x20 obj\release\diskio.o
                0x08000318                disk_initialize
 .text.disk_status
                0x08000338       0x20 obj\release\diskio.o
                0x08000338                disk_status
 .text.disk_read
                0x08000358       0x30 obj\release\diskio.o
                0x08000358                disk_read
 .text.disk_write
                0x08000388       0x30 obj\release\diskio.o
                0x08000388                disk_write
 .text.disk_ioctl
                0x080003b8       0x2c obj\release\diskio.o
                0x080003b8                disk_ioctl
 .text          0x080003e4        0x0 obj\release\ff.o
 .text.get_fileinfo
                0x080003e4       0x88 obj\release\ff.o
 .text.validate
                0x0800046c       0x2c obj\release\ff.o
 .text.check_fs
                0x08000498       0x8c obj\release\ff.o
 .text.chk_mounted
                0x08000524      0x328 obj\release\ff.o
 .text.sync_window
                0x0800084c       0x54 obj\release\ff.o
 .text.sync_fs  0x080008a0       0xc4 obj\release\ff.o
 .text.move_window
                0x08000964       0x30 obj\release\ff.o
 .text.clust2sect
                0x08000994       0x18 obj\release\ff.o
                0x08000994                clust2sect
 .text.get_fat  0x080009ac       0xd0 obj\release\ff.o
                0x080009ac                get_fat
 .text.dir_sdi  0x08000a7c       0x94 obj\release\ff.o
 .text.dir_remove
                0x08000b10       0x28 obj\release\ff.o
 .text.put_fat  0x08000b38      0x110 obj\release\ff.o
                0x08000b38                put_fat
 .text.create_chain
                0x08000c48       0xb0 obj\release\ff.o
 .text.dir_next
                0x08000cf8      0x120 obj\release\ff.o
 .text.follow_path
                0x08000e18      0x208 obj\release\ff.o
 .text.dir_read.constprop.9
                0x08001020       0x5c obj\release\ff.o
 .text.dir_register
                0x0800107c       0x6c obj\release\ff.o
 .text.remove_chain
                0x080010e8       0x54 obj\release\ff.o
 .text.get_fattime
                0x0800113c        0x8 obj\release\ff.o
                0x0800113c                get_fattime
 .text.f_mount  0x08001144       0x20 obj\release\ff.o
                0x08001144                f_mount
 .text.f_open   0x08001164      0x17c obj\release\ff.o
                0x08001164                f_open
 .text.f_read   0x080012e0      0x198 obj\release\ff.o
                0x080012e0                f_read
 .text.f_write  0x08001478      0x1ec obj\release\ff.o
                0x08001478                f_write
 .text.f_sync   0x08001664       0xa0 obj\release\ff.o
                0x08001664                f_sync
 .text.f_close  0x08001704       0x10 obj\release\ff.o
                0x08001704                f_close
 .text.f_lseek  0x08001714      0x180 obj\release\ff.o
                0x08001714                f_lseek
 .text.f_opendir
                0x08001894       0x78 obj\release\ff.o
                0x08001894                f_opendir
 .text.f_readdir
                0x0800190c       0x54 obj\release\ff.o
                0x0800190c                f_readdir
 .text.f_stat   0x08001960       0x44 obj\release\ff.o
                0x08001960                f_stat
 .text.f_getfree
                0x080019a4       0xf8 obj\release\ff.o
                0x080019a4                f_getfree
 .text.f_truncate
                0x08001a9c       0x90 obj\release\ff.o
                0x08001a9c                f_truncate
 .text.f_unlink
                0x08001b2c       0xc0 obj\release\ff.o
                0x08001b2c                f_unlink
 .text.f_mkdir  0x08001bec      0x1e0 obj\release\ff.o
                0x08001bec                f_mkdir
 .text.f_chmod  0x08001dcc       0x54 obj\release\ff.o
                0x08001dcc                f_chmod
 .text.f_utime  0x08001e20       0x58 obj\release\ff.o
                0x08001e20                f_utime
 .text.f_rename
                0x08001e78      0x140 obj\release\ff.o
                0x08001e78                f_rename
 .text          0x08001fb8        0x0 obj\release\hardware_init.o
 .text.stm32f4discoInit
                0x08001fb8      0x21c obj\release\hardware_init.o
                0x08001fb8                stm32f4discoInit
 .text          0x080021d4        0x0 obj\release\i2c.o
 .text.initI2C  0x080021d4       0x28 obj\release\i2c.o
                0x080021d4                initI2C
 .text.i2cReadSingle
                0x080021fc       0xa4 obj\release\i2c.o
                0x080021fc                i2cReadSingle
 .text.i2cWriteSingle
                0x080022a0       0x64 obj\release\i2c.o
                0x080022a0                i2cWriteSingle
 .text          0x08002304        0x0 obj\release\i2s.o
 .text.initI2S  0x08002304       0x1c obj\release\i2s.o
                0x08002304                initI2S
 .text          0x08002320        0x0 obj\release\interrupts.o
 .text          0x08002320        0x0 obj\release\main.o
 .text.USART2_IRQHandler
                0x08002320       0x40 obj\release\main.o
                0x08002320                USART2_IRQHandler
 .text.EXTI0_IRQHandler
                0x08002360       0x24 obj\release\main.o
                0x08002360                EXTI0_IRQHandler
 .text.TIM2_IRQHandler
                0x08002384       0x78 obj\release\main.o
                0x08002384                TIM2_IRQHandler
 .text.TIM7_IRQHandler
                0x080023fc       0x3c obj\release\main.o
                0x080023fc                TIM7_IRQHandler
 .text.delayLoop
                0x08002438       0x14 obj\release\main.o
                0x08002438                delayLoop
 .text.writeUart
                0x0800244c       0x28 obj\release\main.o
                0x0800244c                writeUart
 .text.startup.main
                0x08002474      0x118 obj\release\main.o
                0x08002474                main
 .text          0x0800258c        0x0 obj\release\sdcard.o
 .text.MMC_disk_initialize
                0x0800258c       0x70 obj\release\sdcard.o
                0x0800258c                MMC_disk_initialize
 .text.MMC_disk_status
                0x080025fc        0x4 obj\release\sdcard.o
                0x080025fc                MMC_disk_status
 .text.MMC_disk_read
                0x08002600        0xc obj\release\sdcard.o
                0x08002600                MMC_disk_read
 .text.MMC_disk_write
                0x0800260c        0x4 obj\release\sdcard.o
                0x0800260c                MMC_disk_write
 .text.MMC_disk_ioctl
                0x08002610        0x4 obj\release\sdcard.o
                0x08002610                MMC_disk_ioctl
 .text          0x08002614        0x0 obj\release\spi_sdcard.o
 .text.setSpiSpeed
                0x08002614       0x34 obj\release\spi_sdcard.o
                0x08002614                setSpiSpeed
 .text.sd_crc7  0x08002648       0x40 obj\release\spi_sdcard.o
                0x08002648                sd_crc7
 .text.sdCommand
                0x08002688      0x250 obj\release\spi_sdcard.o
                0x08002688                sdCommand
 .text.sdReadSingle
                0x080028d8       0xe8 obj\release\spi_sdcard.o
                0x080028d8                sdReadSingle
 .text.sdReadMulti
                0x080029c0      0x120 obj\release\spi_sdcard.o
                0x080029c0                sdReadMulti
 .text.sdWriteSingle
                0x08002ae0        0x4 obj\release\spi_sdcard.o
                0x08002ae0                sdWriteSingle
 .text.sdWriteMulti
                0x08002ae4        0x4 obj\release\spi_sdcard.o
                0x08002ae4                sdWriteMulti
 .text          0x08002ae8       0xec obj\release\startup_stm32f4xx.o
                0x08002ae8                Reset_Handler
                0x08002b1c                NMI_Handler
                0x08002b1e                HardFault_Handler
                0x08002b20                MemManage_Handler
                0x08002b22                BusFault_Handler
                0x08002b24                UsageFault_Handler
                0x08002b26                SVC_Handler
                0x08002b28                DebugMon_Handler
                0x08002b2a                PendSV_Handler
                0x08002b2c                SysTick_Handler
                0x08002b2e                Default_Handler
                0x08002b30                WWDG_IRQHandler
                0x08002b32                PVD_IRQHandler
                0x08002b34                TAMP_STAMP_IRQHandler
                0x08002b36                RTC_WKUP_IRQHandler
                0x08002b38                FLASH_IRQHandler
                0x08002b3a                RCC_IRQHandler
                0x08002b3e                EXTI1_IRQHandler
                0x08002b40                EXTI2_IRQHandler
                0x08002b42                EXTI3_IRQHandler
                0x08002b44                EXTI4_IRQHandler
                0x08002b46                DMA1_Stream0_IRQHandler
                0x08002b48                DMA1_Stream1_IRQHandler
                0x08002b4a                DMA1_Stream2_IRQHandler
                0x08002b4c                DMA1_Stream3_IRQHandler
                0x08002b4e                DMA1_Stream4_IRQHandler
                0x08002b50                DMA1_Stream5_IRQHandler
                0x08002b52                DMA1_Stream6_IRQHandler
                0x08002b54                ADC_IRQHandler
                0x08002b56                CAN1_TX_IRQHandler
                0x08002b58                CAN1_RX0_IRQHandler
                0x08002b5a                CAN1_RX1_IRQHandler
                0x08002b5c                CAN1_SCE_IRQHandler
                0x08002b5e                EXTI9_5_IRQHandler
                0x08002b60                TIM1_BRK_TIM9_IRQHandler
                0x08002b62                TIM1_UP_TIM10_IRQHandler
                0x08002b64                TIM1_TRG_COM_TIM11_IRQHandler
                0x08002b66                TIM1_CC_IRQHandler
                0x08002b6a                TIM3_IRQHandler
                0x08002b6c                TIM4_IRQHandler
                0x08002b6e                I2C1_EV_IRQHandler
                0x08002b70                I2C1_ER_IRQHandler
                0x08002b72                I2C2_EV_IRQHandler
                0x08002b74                I2C2_ER_IRQHandler
                0x08002b76                SPI1_IRQHandler
                0x08002b78                SPI2_IRQHandler
                0x08002b7a                USART1_IRQHandler
                0x08002b7e                USART3_IRQHandler
                0x08002b80                EXTI15_10_IRQHandler
                0x08002b82                RTC_Alarm_IRQHandler
                0x08002b84                OTG_FS_WKUP_IRQHandler
                0x08002b86                TIM8_BRK_TIM12_IRQHandler
                0x08002b88                TIM8_UP_TIM13_IRQHandler
                0x08002b8a                TIM8_TRG_COM_TIM14_IRQHandler
                0x08002b8c                TIM8_CC_IRQHandler
                0x08002b8e                DMA1_Stream7_IRQHandler
                0x08002b90                FSMC_IRQHandler
                0x08002b92                SDIO_IRQHandler
                0x08002b94                TIM5_IRQHandler
                0x08002b96                SPI3_IRQHandler
                0x08002b98                UART4_IRQHandler
                0x08002b9a                UART5_IRQHandler
                0x08002b9c                TIM6_DAC_IRQHandler
                0x08002ba0                DMA2_Stream0_IRQHandler
                0x08002ba2                DMA2_Stream1_IRQHandler
                0x08002ba4                DMA2_Stream2_IRQHandler
                0x08002ba6                DMA2_Stream3_IRQHandler
                0x08002ba8                DMA2_Stream4_IRQHandler
                0x08002baa                ETH_IRQHandler
                0x08002bac                ETH_WKUP_IRQHandler
                0x08002bae                CAN2_TX_IRQHandler
                0x08002bb0                CAN2_RX0_IRQHandler
                0x08002bb2                CAN2_RX1_IRQHandler
                0x08002bb4                CAN2_SCE_IRQHandler
                0x08002bb6                OTG_FS_IRQHandler
                0x08002bb8                DMA2_Stream5_IRQHandler
                0x08002bba                DMA2_Stream6_IRQHandler
                0x08002bbc                DMA2_Stream7_IRQHandler
                0x08002bbe                USART6_IRQHandler
                0x08002bc0                I2C3_EV_IRQHandler
                0x08002bc2                I2C3_ER_IRQHandler
                0x08002bc4                OTG_HS_EP1_OUT_IRQHandler
                0x08002bc6                OTG_HS_EP1_IN_IRQHandler
                0x08002bc8                OTG_HS_WKUP_IRQHandler
                0x08002bca                OTG_HS_IRQHandler
                0x08002bcc                DCMI_IRQHandler
                0x08002bce                CRYP_IRQHandler
                0x08002bd0                HASH_RNG_IRQHandler
                0x08002bd2                FPU_IRQHandler
 .text          0x08002bd4        0x0 obj\release\system_stm32f4xx.o
 .text.SystemInit
                0x08002bd4      0x150 obj\release\system_stm32f4xx.o
                0x08002bd4                SystemInit
 .text.SystemCoreClockUpdate
                0x08002d24       0x94 obj\release\system_stm32f4xx.o
                0x08002d24                SystemCoreClockUpdate
 .text          0x08002db8        0x0 obj\release\usbdisk.o
 .text.USB_disk_initialize
                0x08002db8        0x4 obj\release\usbdisk.o
                0x08002db8                USB_disk_initialize
 .text.USB_disk_status
                0x08002dbc        0x4 obj\release\usbdisk.o
                0x08002dbc                USB_disk_status
 .text.USB_disk_read
                0x08002dc0        0x4 obj\release\usbdisk.o
                0x08002dc0                USB_disk_read
 .text.USB_disk_write
                0x08002dc4        0x4 obj\release\usbdisk.o
                0x08002dc4                USB_disk_write
 .text.USB_disk_ioctl
                0x08002dc8        0x4 obj\release\usbdisk.o
                0x08002dc8                USB_disk_ioctl
 .text          0x08002dcc        0x0 c:/program files (x86)/emblocks/1.21/share/em_armgcc/bin/../lib/gcc/arm-none-eabi/4.7.3/../../../../arm-none-eabi/lib/armv7e-m/softfp\libc.a(lib_a-__atexit.o)
 .text.__register_exitproc
                0x08002dcc       0xb0 c:/program files (x86)/emblocks/1.21/share/em_armgcc/bin/../lib/gcc/arm-none-eabi/4.7.3/../../../../arm-none-eabi/lib/armv7e-m/softfp\libc.a(lib_a-__atexit.o)
                0x08002dcc                __register_exitproc
 .text          0x08002e7c        0x0 c:/program files (x86)/emblocks/1.21/share/em_armgcc/bin/../lib/gcc/arm-none-eabi/4.7.3/../../../../arm-none-eabi/lib/armv7e-m/softfp\libc.a(lib_a-exit.o)
 .text.exit     0x08002e7c       0x20 c:/program files (x86)/emblocks/1.21/share/em_armgcc/bin/../lib/gcc/arm-none-eabi/4.7.3/../../../../arm-none-eabi/lib/armv7e-m/softfp\libc.a(lib_a-exit.o)
                0x08002e7c                exit
 .text          0x08002e9c        0x0 c:/program files (x86)/emblocks/1.21/share/em_armgcc/bin/../lib/gcc/arm-none-eabi/4.7.3/../../../../arm-none-eabi/lib/armv7e-m/softfp\libc.a(lib_a-fini.o)
 .text.__libc_fini_array
                0x08002e9c       0x2c c:/program files (x86)/emblocks/1.21/share/em_armgcc/bin/../lib/gcc/arm-none-eabi/4.7.3/../../../../arm-none-eabi/lib/armv7e-m/softfp\libc.a(lib_a-fini.o)
                0x08002e9c                __libc_fini_array
 .text          0x08002ec8        0x0 c:/program files (x86)/emblocks/1.21/share/em_armgcc/bin/../lib/gcc/arm-none-eabi/4.7.3/../../../../arm-none-eabi/lib/armv7e-m/softfp\libc.a(lib_a-impure.o)
 .text          0x08002ec8        0x0 c:/program files (x86)/emblocks/1.21/share/em_armgcc/bin/../lib/gcc/arm-none-eabi/4.7.3/../../../../arm-none-eabi/lib/armv7e-m/softfp\libc.a(lib_a-init.o)
 .text.__libc_init_array
                0x08002ec8       0x50 c:/program files (x86)/emblocks/1.21/share/em_armgcc/bin/../lib/gcc/arm-none-eabi/4.7.3/../../../../arm-none-eabi/lib/armv7e-m/softfp\libc.a(lib_a-init.o)
                0x08002ec8                __libc_init_array
 .text          0x08002f18        0x0 c:/program files (x86)/emblocks/1.21/share/em_armgcc/bin/../lib/gcc/arm-none-eabi/4.7.3/../../../../arm-none-eabi/lib/armv7e-m/softfp\libc.a(lib_a-memset.o)
 .text.memset   0x08002f18       0x94 c:/program files (x86)/emblocks/1.21/share/em_armgcc/bin/../lib/gcc/arm-none-eabi/4.7.3/../../../../arm-none-eabi/lib/armv7e-m/softfp\libc.a(lib_a-memset.o)
                0x08002f18                memset
 .text          0x08002fac        0x0 c:/program files (x86)/emblocks/1.21/share/em_armgcc/bin/../lib/gcc/arm-none-eabi/4.7.3/../../../../arm-none-eabi/lib/armv7e-m/softfp\libc.a(lib_a-__call_atexit.o)
 .text.startup.register_fini
                0x08002fac       0x14 c:/program files (x86)/emblocks/1.21/share/em_armgcc/bin/../lib/gcc/arm-none-eabi/4.7.3/../../../../arm-none-eabi/lib/armv7e-m/softfp\libc.a(lib_a-__call_atexit.o)
 .text.__call_exitprocs
                0x08002fc0       0xd8 c:/program files (x86)/emblocks/1.21/share/em_armgcc/bin/../lib/gcc/arm-none-eabi/4.7.3/../../../../arm-none-eabi/lib/armv7e-m/softfp\libc.a(lib_a-__call_atexit.o)
                0x08002fc0                __call_exitprocs
 .text          0x08003098        0x0 c:/program files (x86)/emblocks/1.21/share/em_armgcc/bin/../lib/gcc/arm-none-eabi/4.7.3/../../../../arm-none-eabi/lib/armv7e-m/softfp\libc.a(lib_a-atexit.o)
 .text.atexit   0x08003098        0xc c:/program files (x86)/emblocks/1.21/share/em_armgcc/bin/../lib/gcc/arm-none-eabi/4.7.3/../../../../arm-none-eabi/lib/armv7e-m/softfp\libc.a(lib_a-atexit.o)
                0x08003098                atexit
 .text          0x080030a4        0x0 c:/program files (x86)/emblocks/1.21/share/em_armgcc/bin/../lib/gcc/arm-none-eabi/4.7.3/../../../../arm-none-eabi/lib/armv7e-m/softfp\libnosys.a(_exit.o)
 .text._exit    0x080030a4        0x4 c:/program files (x86)/emblocks/1.21/share/em_armgcc/bin/../lib/gcc/arm-none-eabi/4.7.3/../../../../arm-none-eabi/lib/armv7e-m/softfp\libnosys.a(_exit.o)
                0x080030a4                _exit
 .text          0x080030a8        0x0 c:/program files (x86)/emblocks/1.21/share/em_armgcc/bin/../lib/gcc/arm-none-eabi/4.7.3/armv7e-m/softfp/crtend.o
 .text          0x080030a8        0x0 c:/program files (x86)/emblocks/1.21/share/em_armgcc/bin/../lib/gcc/arm-none-eabi/4.7.3/armv7e-m/softfp/crtn.o
 *(.init)
 .init          0x080030a8        0x4 c:/program files (x86)/emblocks/1.21/share/em_armgcc/bin/../lib/gcc/arm-none-eabi/4.7.3/armv7e-m/softfp/crti.o
                0x080030a8                _init
 .init          0x080030ac        0x8 c:/program files (x86)/emblocks/1.21/share/em_armgcc/bin/../lib/gcc/arm-none-eabi/4.7.3/armv7e-m/softfp/crtn.o
 *(.fini)
 .fini          0x080030b4        0x4 c:/program files (x86)/emblocks/1.21/share/em_armgcc/bin/../lib/gcc/arm-none-eabi/4.7.3/armv7e-m/softfp/crti.o
                0x080030b4                _fini
 .fini          0x080030b8        0x8 c:/program files (x86)/emblocks/1.21/share/em_armgcc/bin/../lib/gcc/arm-none-eabi/4.7.3/armv7e-m/softfp/crtn.o
 *crtbegin.o(.ctors)
 *crtbegin?.o(.ctors)
 *(EXCLUDE_FILE(*crtend.o *crtend?.o) .ctors)
 *(SORT(.ctors.*))
 *(.ctors)
 *crtbegin.o(.dtors)
 *crtbegin?.o(.dtors)
 *(EXCLUDE_FILE(*crtend.o *crtend?.o) .dtors)
 *(SORT(.dtors.*))
 *(.dtors)
 *(.rodata*)
 .rodata.str1.4
                0x080030c0        0xf obj\release\ff.o
                                 0x10 (size before relaxing)
 *fill*         0x080030cf        0x1 
 .rodata.ExCvt  0x080030d0       0x80 obj\release\ff.o
 .rodata.str1.4
                0x08003150        0xb obj\release\main.o
                                  0xc (size before relaxing)
 *fill*         0x0800315b        0x1 
 .rodata.str1.4
                0x0800315c        0x4 c:/program files (x86)/emblocks/1.21/share/em_armgcc/bin/../lib/gcc/arm-none-eabi/4.7.3/../../../../arm-none-eabi/lib/armv7e-m/softfp\libc.a(lib_a-impure.o)
 .rodata._global_impure_ptr
                0x08003160        0x4 c:/program files (x86)/emblocks/1.21/share/em_armgcc/bin/../lib/gcc/arm-none-eabi/4.7.3/../../../../arm-none-eabi/lib/armv7e-m/softfp\libc.a(lib_a-impure.o)
                0x08003160                _global_impure_ptr
 *(.eh_frame*)
 .eh_frame      0x08003164        0x0 c:/program files (x86)/emblocks/1.21/share/em_armgcc/bin/../lib/gcc/arm-none-eabi/4.7.3/armv7e-m/softfp/crtbegin.o
 .eh_frame      0x08003164        0x4 c:/program files (x86)/emblocks/1.21/share/em_armgcc/bin/../lib/gcc/arm-none-eabi/4.7.3/armv7e-m/softfp/crtend.o

.glue_7         0x08003168        0x0
 .glue_7        0x00000000        0x0 linker stubs

.glue_7t        0x08003168        0x0
 .glue_7t       0x00000000        0x0 linker stubs

.vfp11_veneer   0x08003168        0x0
 .vfp11_veneer  0x00000000        0x0 linker stubs

.v4_bx          0x08003168        0x0
 .v4_bx         0x00000000        0x0 linker stubs

.iplt           0x08003168        0x0
 .iplt          0x00000000        0x0 c:/program files (x86)/emblocks/1.21/share/em_armgcc/bin/../lib/gcc/arm-none-eabi/4.7.3/armv7e-m/softfp/crtbegin.o

.ARM.extab      0x08003168        0x0
 *(.ARM.extab* .gnu.linkonce.armextab.*)
 .ARM.extab     0x08003168        0x0 c:/program files (x86)/emblocks/1.21/share/em_armgcc/bin/../lib/gcc/arm-none-eabi/4.7.3/../../../../arm-none-eabi/lib/armv7e-m/softfp/crt0.o
                0x08003168                __exidx_start = .

.ARM.exidx      0x08003168        0x8
 *(.ARM.exidx* .gnu.linkonce.armexidx.*)
 .ARM.exidx     0x08003168        0x8 c:/program files (x86)/emblocks/1.21/share/em_armgcc/bin/../lib/gcc/arm-none-eabi/4.7.3/../../../../arm-none-eabi/lib/armv7e-m/softfp/crt0.o
                0x08003170                __exidx_end = .
                0x08003170                __etext = .

.rel.dyn        0x08003170        0x0
 .rel.iplt      0x00000000        0x0 c:/program files (x86)/emblocks/1.21/share/em_armgcc/bin/../lib/gcc/arm-none-eabi/4.7.3/armv7e-m/softfp/crtbegin.o

.data           0x20000000      0x458 load address 0x08003170
                0x20000000                __data_start__ = .
 *(vtable)
 *(.data*)
 .data          0x20000000        0x0 c:/program files (x86)/emblocks/1.21/share/em_armgcc/bin/../lib/gcc/arm-none-eabi/4.7.3/armv7e-m/softfp/crti.o
 .data          0x20000000        0x4 c:/program files (x86)/emblocks/1.21/share/em_armgcc/bin/../lib/gcc/arm-none-eabi/4.7.3/armv7e-m/softfp/crtbegin.o
                0x20000000                __dso_handle
 .data          0x20000004        0x0 c:/program files (x86)/emblocks/1.21/share/em_armgcc/bin/../lib/gcc/arm-none-eabi/4.7.3/../../../../arm-none-eabi/lib/armv7e-m/softfp/crt0.o
 .data          0x20000004        0x0 obj\release\audio_if.o
 .data          0x20000004        0x0 obj\release\diskio.o
 .data          0x20000004        0x0 obj\release\ff.o
 .data          0x20000004        0x0 obj\release\hardware_init.o
 .data          0x20000004        0x0 obj\release\i2c.o
 .data          0x20000004        0x0 obj\release\i2s.o
 .data          0x20000004        0x0 obj\release\interrupts.o
 .data          0x20000004        0x0 obj\release\main.o
 .data.testIncrement
                0x20000004        0x4 obj\release\main.o
                0x20000004                testIncrement
 .data          0x20000008        0x0 obj\release\sdcard.o
 .data          0x20000008        0x0 obj\release\spi_sdcard.o
 .data.cmdPtr   0x20000008        0x4 obj\release\spi_sdcard.o
                0x20000008                cmdPtr
 .data          0x2000000c        0x0 obj\release\startup_stm32f4xx.o
 .data          0x2000000c        0x0 obj\release\system_stm32f4xx.o
 .data.AHBPrescTable
                0x2000000c       0x10 obj\release\system_stm32f4xx.o
                0x2000000c                AHBPrescTable
 .data.SystemCoreClock
                0x2000001c        0x4 obj\release\system_stm32f4xx.o
                0x2000001c                SystemCoreClock
 .data          0x20000020        0x0 obj\release\usbdisk.o
 .data          0x20000020        0x0 c:/program files (x86)/emblocks/1.21/share/em_armgcc/bin/../lib/gcc/arm-none-eabi/4.7.3/../../../../arm-none-eabi/lib/armv7e-m/softfp\libc.a(lib_a-__atexit.o)
 .data          0x20000020        0x0 c:/program files (x86)/emblocks/1.21/share/em_armgcc/bin/../lib/gcc/arm-none-eabi/4.7.3/../../../../arm-none-eabi/lib/armv7e-m/softfp\libc.a(lib_a-exit.o)
 .data          0x20000020        0x0 c:/program files (x86)/emblocks/1.21/share/em_armgcc/bin/../lib/gcc/arm-none-eabi/4.7.3/../../../../arm-none-eabi/lib/armv7e-m/softfp\libc.a(lib_a-fini.o)
 .data          0x20000020        0x0 c:/program files (x86)/emblocks/1.21/share/em_armgcc/bin/../lib/gcc/arm-none-eabi/4.7.3/../../../../arm-none-eabi/lib/armv7e-m/softfp\libc.a(lib_a-impure.o)
 .data.impure_data
                0x20000020      0x428 c:/program files (x86)/emblocks/1.21/share/em_armgcc/bin/../lib/gcc/arm-none-eabi/4.7.3/../../../../arm-none-eabi/lib/armv7e-m/softfp\libc.a(lib_a-impure.o)
 .data._impure_ptr
                0x20000448        0x4 c:/program files (x86)/emblocks/1.21/share/em_armgcc/bin/../lib/gcc/arm-none-eabi/4.7.3/../../../../arm-none-eabi/lib/armv7e-m/softfp\libc.a(lib_a-impure.o)
                0x20000448                _impure_ptr
 .data          0x2000044c        0x0 c:/program files (x86)/emblocks/1.21/share/em_armgcc/bin/../lib/gcc/arm-none-eabi/4.7.3/../../../../arm-none-eabi/lib/armv7e-m/softfp\libc.a(lib_a-init.o)
 .data          0x2000044c        0x0 c:/program files (x86)/emblocks/1.21/share/em_armgcc/bin/../lib/gcc/arm-none-eabi/4.7.3/../../../../arm-none-eabi/lib/armv7e-m/softfp\libc.a(lib_a-memset.o)
 .data          0x2000044c        0x0 c:/program files (x86)/emblocks/1.21/share/em_armgcc/bin/../lib/gcc/arm-none-eabi/4.7.3/../../../../arm-none-eabi/lib/armv7e-m/softfp\libc.a(lib_a-__call_atexit.o)
 .data          0x2000044c        0x0 c:/program files (x86)/emblocks/1.21/share/em_armgcc/bin/../lib/gcc/arm-none-eabi/4.7.3/../../../../arm-none-eabi/lib/armv7e-m/softfp\libc.a(lib_a-atexit.o)
 .data          0x2000044c        0x0 c:/program files (x86)/emblocks/1.21/share/em_armgcc/bin/../lib/gcc/arm-none-eabi/4.7.3/../../../../arm-none-eabi/lib/armv7e-m/softfp\libnosys.a(_exit.o)
 .data          0x2000044c        0x0 c:/program files (x86)/emblocks/1.21/share/em_armgcc/bin/../lib/gcc/arm-none-eabi/4.7.3/armv7e-m/softfp/crtend.o
 .data          0x2000044c        0x0 c:/program files (x86)/emblocks/1.21/share/em_armgcc/bin/../lib/gcc/arm-none-eabi/4.7.3/armv7e-m/softfp/crtn.o
                0x2000044c                . = ALIGN (0x4)
                0x2000044c                PROVIDE (__preinit_array_start, .)
 *(.preinit_array)
                0x2000044c                PROVIDE (__preinit_array_end, .)
                0x2000044c                . = ALIGN (0x4)
                0x2000044c                PROVIDE (__init_array_start, .)
 *(SORT(.init_array.*))
 .init_array.00000
                0x2000044c        0x4 c:/program files (x86)/emblocks/1.21/share/em_armgcc/bin/../lib/gcc/arm-none-eabi/4.7.3/../../../../arm-none-eabi/lib/armv7e-m/softfp\libc.a(lib_a-__call_atexit.o)
 *(.init_array)
 .init_array    0x20000450        0x4 c:/program files (x86)/emblocks/1.21/share/em_armgcc/bin/../lib/gcc/arm-none-eabi/4.7.3/armv7e-m/softfp/crtbegin.o
                0x20000454                PROVIDE (__init_array_end, .)
                0x20000454                . = ALIGN (0x4)
                0x20000454                PROVIDE (__fini_array_start, .)
 *(SORT(.fini_array.*))
 *(.fini_array)
 .fini_array    0x20000454        0x4 c:/program files (x86)/emblocks/1.21/share/em_armgcc/bin/../lib/gcc/arm-none-eabi/4.7.3/armv7e-m/softfp/crtbegin.o
                0x20000458                PROVIDE (__fini_array_end, .)
                0x20000458                . = ALIGN (0x4)
                0x20000458                __data_end__ = .

.jcr            0x20000458        0x4 load address 0x080035c8
 .jcr           0x20000458        0x0 c:/program files (x86)/emblocks/1.21/share/em_armgcc/bin/../lib/gcc/arm-none-eabi/4.7.3/armv7e-m/softfp/crtbegin.o
 .jcr           0x20000458        0x4 c:/program files (x86)/emblocks/1.21/share/em_armgcc/bin/../lib/gcc/arm-none-eabi/4.7.3/armv7e-m/softfp/crtend.o

.igot.plt       0x2000045c        0x0 load address 0x080035cc
 .igot.plt      0x00000000        0x0 c:/program files (x86)/emblocks/1.21/share/em_armgcc/bin/../lib/gcc/arm-none-eabi/4.7.3/armv7e-m/softfp/crtbegin.o

.bss            0x2000045c     0x44d8 load address 0x080035cc
                0x2000045c                __bss_start__ = .
 *(.bss*)
 .bss           0x2000045c        0x0 c:/program files (x86)/emblocks/1.21/share/em_armgcc/bin/../lib/gcc/arm-none-eabi/4.7.3/armv7e-m/softfp/crti.o
 .bss           0x2000045c       0x1c c:/program files (x86)/emblocks/1.21/share/em_armgcc/bin/../lib/gcc/arm-none-eabi/4.7.3/armv7e-m/softfp/crtbegin.o
 .bss           0x20000478        0x0 c:/program files (x86)/emblocks/1.21/share/em_armgcc/bin/../lib/gcc/arm-none-eabi/4.7.3/../../../../arm-none-eabi/lib/armv7e-m/softfp/crt0.o
 .bss           0x20000478        0x0 obj\release\audio_if.o
 .bss           0x20000478        0x0 obj\release\diskio.o
 .bss           0x20000478        0x0 obj\release\ff.o
 .bss.Fsid      0x20000478        0x2 obj\release\ff.o
 *fill*         0x2000047a        0x2 
 .bss.FatFs     0x2000047c        0x4 obj\release\ff.o
 .bss           0x20000480        0x0 obj\release\hardware_init.o
 .bss           0x20000480        0x0 obj\release\i2c.o
 .bss           0x20000480        0x0 obj\release\i2s.o
 .bss           0x20000480        0x0 obj\release\interrupts.o
 .bss           0x20000480        0x0 obj\release\main.o
 .bss.file      0x20000480      0x224 obj\release\main.o
 .bss.handlePress
                0x200006a4        0x1 obj\release\main.o
                0x200006a4                handlePress
 .bss.bAudioInit
                0x200006a5        0x1 obj\release\main.o
                0x200006a5                bAudioInit
 *fill*         0x200006a6        0x2 
 .bss.testData  0x200006a8        0x4 obj\release\main.o
                0x200006a8                testData
 .bss.ucData.6456
                0x200006ac        0x1 obj\release\main.o
 .bss.handleButton
                0x200006ad        0x1 obj\release\main.o
                0x200006ad                handleButton
 *fill*         0x200006ae        0x2 
 .bss.debounceCounter
                0x200006b0        0x4 obj\release\main.o
                0x200006b0                debounceCounter
 .bss.FatFS     0x200006b4      0x234 obj\release\main.o
 .bss           0x200008e8        0x0 obj\release\sdcard.o
 .bss.i.6288    0x200008e8        0x4 obj\release\sdcard.o
 .bss.responseArray.6289
                0x200008ec        0x8 obj\release\sdcard.o
 .bss           0x200008f4        0x0 obj\release\spi_sdcard.o
 .bss.responsePtr.6364
                0x200008f4        0x4 obj\release\spi_sdcard.o
 .bss.intCRC.6404
                0x200008f8        0x4 obj\release\spi_sdcard.o
 .bss.i.6366    0x200008fc        0x4 obj\release\spi_sdcard.o
 .bss.intCRC.6367
                0x20000900        0x4 obj\release\spi_sdcard.o
 .bss.j.6403    0x20000904        0x4 obj\release\spi_sdcard.o
 .bss.responsePtr.6400
                0x20000908        0x4 obj\release\spi_sdcard.o
 .bss.i.6402    0x2000090c        0x4 obj\release\spi_sdcard.o
 .bss           0x20000910        0x0 obj\release\startup_stm32f4xx.o
 .bss           0x20000910        0x0 obj\release\system_stm32f4xx.o
 .bss           0x20000910        0x0 obj\release\usbdisk.o
 .bss           0x20000910        0x0 c:/program files (x86)/emblocks/1.21/share/em_armgcc/bin/../lib/gcc/arm-none-eabi/4.7.3/../../../../arm-none-eabi/lib/armv7e-m/softfp\libc.a(lib_a-__atexit.o)
 .bss           0x20000910        0x0 c:/program files (x86)/emblocks/1.21/share/em_armgcc/bin/../lib/gcc/arm-none-eabi/4.7.3/../../../../arm-none-eabi/lib/armv7e-m/softfp\libc.a(lib_a-exit.o)
 .bss           0x20000910        0x0 c:/program files (x86)/emblocks/1.21/share/em_armgcc/bin/../lib/gcc/arm-none-eabi/4.7.3/../../../../arm-none-eabi/lib/armv7e-m/softfp\libc.a(lib_a-fini.o)
 .bss           0x20000910        0x0 c:/program files (x86)/emblocks/1.21/share/em_armgcc/bin/../lib/gcc/arm-none-eabi/4.7.3/../../../../arm-none-eabi/lib/armv7e-m/softfp\libc.a(lib_a-impure.o)
 .bss           0x20000910        0x0 c:/program files (x86)/emblocks/1.21/share/em_armgcc/bin/../lib/gcc/arm-none-eabi/4.7.3/../../../../arm-none-eabi/lib/armv7e-m/softfp\libc.a(lib_a-init.o)
 .bss           0x20000910        0x0 c:/program files (x86)/emblocks/1.21/share/em_armgcc/bin/../lib/gcc/arm-none-eabi/4.7.3/../../../../arm-none-eabi/lib/armv7e-m/softfp\libc.a(lib_a-memset.o)
 .bss           0x20000910        0x0 c:/program files (x86)/emblocks/1.21/share/em_armgcc/bin/../lib/gcc/arm-none-eabi/4.7.3/../../../../arm-none-eabi/lib/armv7e-m/softfp\libc.a(lib_a-__call_atexit.o)
 .bss           0x20000910        0x0 c:/program files (x86)/emblocks/1.21/share/em_armgcc/bin/../lib/gcc/arm-none-eabi/4.7.3/../../../../arm-none-eabi/lib/armv7e-m/softfp\libc.a(lib_a-atexit.o)
 .bss           0x20000910        0x0 c:/program files (x86)/emblocks/1.21/share/em_armgcc/bin/../lib/gcc/arm-none-eabi/4.7.3/../../../../arm-none-eabi/lib/armv7e-m/softfp\libnosys.a(_exit.o)
 .bss           0x20000910        0x0 c:/program files (x86)/emblocks/1.21/share/em_armgcc/bin/../lib/gcc/arm-none-eabi/4.7.3/armv7e-m/softfp/crtend.o
 .bss           0x20000910        0x0 c:/program files (x86)/emblocks/1.21/share/em_armgcc/bin/../lib/gcc/arm-none-eabi/4.7.3/armv7e-m/softfp/crtn.o
 *(COMMON)
 COMMON         0x20000910     0x4015 obj\release\main.o
                0x20000910                myBuffer
                0x20004910                csInitStruct
                0x20004924                fr
 COMMON         0x20004925        0x0 obj\release\sdcard.o
 *fill*         0x20004925        0x3 
 COMMON         0x20004928        0xc obj\release\spi_sdcard.o
                0x20004928                sdCmd
                0x20004934                __bss_end__ = .

.heap           0x20004938        0x0
                0x20004938                __end__ = .
                0x20004938                end = __end__
 *(.heap*)
 .heap          0x20004938        0x0 obj\release\startup_stm32f4xx.o
                0x20004938                __HeapLimit = .

.stack_dummy    0x20004938      0x100
 *(.stack)
 .stack         0x20004938      0x100 obj\release\startup_stm32f4xx.o
                0x20008000                __StackTop = (ORIGIN (RAM) + 0x8000)
                0x20007f00                __StackLimit = (__StackTop - SIZEOF (.stack_dummy))
                0x20008000                PROVIDE (__stack, __StackTop)
                0x00000001                ASSERT ((__StackLimit >= __HeapLimit), region RAM overflowed with stack)
LOAD obj\release\audio_if.o
LOAD obj\release\diskio.o
LOAD obj\release\ff.o
LOAD obj\release\hardware_init.o
LOAD obj\release\i2c.o
LOAD obj\release\i2s.o
LOAD obj\release\interrupts.o
LOAD obj\release\main.o
LOAD obj\release\sdcard.o
LOAD obj\release\spi_sdcard.o
LOAD obj\release\startup_stm32f4xx.o
LOAD obj\release\system_stm32f4xx.o
LOAD obj\release\usbdisk.o
START GROUP
LOAD c:/program files (x86)/emblocks/1.21/share/em_armgcc/bin/../lib/gcc/arm-none-eabi/4.7.3/armv7e-m/softfp\libgcc.a
LOAD c:/program files (x86)/emblocks/1.21/share/em_armgcc/bin/../lib/gcc/arm-none-eabi/4.7.3/../../../../arm-none-eabi/lib/armv7e-m/softfp\libc.a
LOAD c:/program files (x86)/emblocks/1.21/share/em_armgcc/bin/../lib/gcc/arm-none-eabi/4.7.3/../../../../arm-none-eabi/lib/armv7e-m/softfp\libg.a
LOAD c:/program files (x86)/emblocks/1.21/share/em_armgcc/bin/../lib/gcc/arm-none-eabi/4.7.3/../../../../arm-none-eabi/lib/armv7e-m/softfp\libm.a
LOAD c:/program files (x86)/emblocks/1.21/share/em_armgcc/bin/../lib/gcc/arm-none-eabi/4.7.3/../../../../arm-none-eabi/lib/armv7e-m/softfp\libnosys.a
END GROUP
LOAD c:/program files (x86)/emblocks/1.21/share/em_armgcc/bin/../lib/gcc/arm-none-eabi/4.7.3/armv7e-m/softfp/crtend.o
LOAD c:/program files (x86)/emblocks/1.21/share/em_armgcc/bin/../lib/gcc/arm-none-eabi/4.7.3/armv7e-m/softfp/crtn.o
OUTPUT(bin\Release\STM32F4_Audio.elf elf32-littlearm)

.ARM.attributes
                0x00000000       0x2e
 .ARM.attributes
                0x00000000       0x22 c:/program files (x86)/emblocks/1.21/share/em_armgcc/bin/../lib/gcc/arm-none-eabi/4.7.3/armv7e-m/softfp/crti.o
 .ARM.attributes
                0x00000022       0x32 c:/program files (x86)/emblocks/1.21/share/em_armgcc/bin/../lib/gcc/arm-none-eabi/4.7.3/armv7e-m/softfp/crtbegin.o
 .ARM.attributes
                0x00000054       0x20 c:/program files (x86)/emblocks/1.21/share/em_armgcc/bin/../lib/gcc/arm-none-eabi/4.7.3/../../../../arm-none-eabi/lib/armv7e-m/softfp/crt0.o
 .ARM.attributes
                0x00000074       0x37 obj\release\audio_if.o
 .ARM.attributes
                0x000000ab       0x37 obj\release\diskio.o
 .ARM.attributes
                0x000000e2       0x37 obj\release\ff.o
 .ARM.attributes
                0x00000119       0x37 obj\release\hardware_init.o
 .ARM.attributes
                0x00000150       0x37 obj\release\i2c.o
 .ARM.attributes
                0x00000187       0x37 obj\release\i2s.o
 .ARM.attributes
                0x000001be       0x37 obj\release\interrupts.o
 .ARM.attributes
                0x000001f5       0x37 obj\release\main.o
 .ARM.attributes
                0x0000022c       0x37 obj\release\sdcard.o
 .ARM.attributes
                0x00000263       0x37 obj\release\spi_sdcard.o
 .ARM.attributes
                0x0000029a       0x1f obj\release\startup_stm32f4xx.o
 .ARM.attributes
                0x000002b9       0x37 obj\release\system_stm32f4xx.o
 .ARM.attributes
                0x000002f0       0x37 obj\release\usbdisk.o
 .ARM.attributes
                0x00000327       0x32 c:/program files (x86)/emblocks/1.21/share/em_armgcc/bin/../lib/gcc/arm-none-eabi/4.7.3/../../../../arm-none-eabi/lib/armv7e-m/softfp\libc.a(lib_a-__atexit.o)
 .ARM.attributes
                0x00000359       0x32 c:/program files (x86)/emblocks/1.21/share/em_armgcc/bin/../lib/gcc/arm-none-eabi/4.7.3/../../../../arm-none-eabi/lib/armv7e-m/softfp\libc.a(lib_a-exit.o)
 .ARM.attributes
                0x0000038b       0x32 c:/program files (x86)/emblocks/1.21/share/em_armgcc/bin/../lib/gcc/arm-none-eabi/4.7.3/../../../../arm-none-eabi/lib/armv7e-m/softfp\libc.a(lib_a-fini.o)
 .ARM.attributes
                0x000003bd       0x32 c:/program files (x86)/emblocks/1.21/share/em_armgcc/bin/../lib/gcc/arm-none-eabi/4.7.3/../../../../arm-none-eabi/lib/armv7e-m/softfp\libc.a(lib_a-impure.o)
 .ARM.attributes
                0x000003ef       0x32 c:/program files (x86)/emblocks/1.21/share/em_armgcc/bin/../lib/gcc/arm-none-eabi/4.7.3/../../../../arm-none-eabi/lib/armv7e-m/softfp\libc.a(lib_a-init.o)
 .ARM.attributes
                0x00000421       0x32 c:/program files (x86)/emblocks/1.21/share/em_armgcc/bin/../lib/gcc/arm-none-eabi/4.7.3/../../../../arm-none-eabi/lib/armv7e-m/softfp\libc.a(lib_a-memset.o)
 .ARM.attributes
                0x00000453       0x32 c:/program files (x86)/emblocks/1.21/share/em_armgcc/bin/../lib/gcc/arm-none-eabi/4.7.3/../../../../arm-none-eabi/lib/armv7e-m/softfp\libc.a(lib_a-__call_atexit.o)
 .ARM.attributes
                0x00000485       0x32 c:/program files (x86)/emblocks/1.21/share/em_armgcc/bin/../lib/gcc/arm-none-eabi/4.7.3/../../../../arm-none-eabi/lib/armv7e-m/softfp\libc.a(lib_a-atexit.o)
 .ARM.attributes
                0x000004b7       0x32 c:/program files (x86)/emblocks/1.21/share/em_armgcc/bin/../lib/gcc/arm-none-eabi/4.7.3/../../../../arm-none-eabi/lib/armv7e-m/softfp\libnosys.a(_exit.o)
 .ARM.attributes
                0x000004e9       0x32 c:/program files (x86)/emblocks/1.21/share/em_armgcc/bin/../lib/gcc/arm-none-eabi/4.7.3/armv7e-m/softfp/crtend.o
 .ARM.attributes
                0x0000051b       0x22 c:/program files (x86)/emblocks/1.21/share/em_armgcc/bin/../lib/gcc/arm-none-eabi/4.7.3/armv7e-m/softfp/crtn.o

.comment        0x00000000       0x4e
 .comment       0x00000000       0x4e obj\release\audio_if.o
                                 0x4f (size before relaxing)
 .comment       0x00000000       0x4f obj\release\diskio.o
 .comment       0x00000000       0x4f obj\release\ff.o
 .comment       0x00000000       0x4f obj\release\hardware_init.o
 .comment       0x00000000       0x4f obj\release\i2c.o
 .comment       0x00000000       0x4f obj\release\i2s.o
 .comment       0x00000000       0x4f obj\release\interrupts.o
 .comment       0x00000000       0x4f obj\release\main.o
 .comment       0x00000000       0x4f obj\release\sdcard.o
 .comment       0x00000000       0x4f obj\release\spi_sdcard.o
 .comment       0x00000000       0x4f obj\release\system_stm32f4xx.o
 .comment       0x00000000       0x4f obj\release\usbdisk.o

.debug_info     0x00000000     0x6b86
 .debug_info    0x00000000      0x546 obj\release\audio_if.o
 .debug_info    0x00000546      0x46c obj\release\diskio.o
 .debug_info    0x000009b2     0x2d65 obj\release\ff.o
 .debug_info    0x00003717      0x9b7 obj\release\hardware_init.o
 .debug_info    0x000040ce      0x286 obj\release\i2c.o
 .debug_info    0x00004354      0x1e7 obj\release\i2s.o
 .debug_info    0x0000453b     0x1349 obj\release\main.o
 .debug_info    0x00005884      0x3b7 obj\release\sdcard.o
 .debug_info    0x00005c3b      0x711 obj\release\spi_sdcard.o
 .debug_info    0x0000634c       0x6e obj\release\startup_stm32f4xx.o
 .debug_info    0x000063ba      0x618 obj\release\system_stm32f4xx.o
 .debug_info    0x000069d2      0x1b4 obj\release\usbdisk.o

.debug_abbrev   0x00000000     0x1199
 .debug_abbrev  0x00000000      0x187 obj\release\audio_if.o
 .debug_abbrev  0x00000187      0x166 obj\release\diskio.o
 .debug_abbrev  0x000002ed      0x352 obj\release\ff.o
 .debug_abbrev  0x0000063f       0xc4 obj\release\hardware_init.o
 .debug_abbrev  0x00000703       0xe6 obj\release\i2c.o
 .debug_abbrev  0x000007e9       0xa1 obj\release\i2s.o
 .debug_abbrev  0x0000088a      0x2dc obj\release\main.o
 .debug_abbrev  0x00000b66      0x1b0 obj\release\sdcard.o
 .debug_abbrev  0x00000d16      0x242 obj\release\spi_sdcard.o
 .debug_abbrev  0x00000f58       0x14 obj\release\startup_stm32f4xx.o
 .debug_abbrev  0x00000f6c      0x161 obj\release\system_stm32f4xx.o
 .debug_abbrev  0x000010cd       0xcc obj\release\usbdisk.o

.debug_loc      0x00000000     0x4f4d
 .debug_loc     0x00000000       0xe6 obj\release\audio_if.o
 .debug_loc     0x000000e6      0x55f obj\release\diskio.o
 .debug_loc     0x00000645     0x4078 obj\release\ff.o
 .debug_loc     0x000046bd       0x34 obj\release\hardware_init.o
 .debug_loc     0x000046f1       0x63 obj\release\i2c.o
 .debug_loc     0x00004754       0xf6 obj\release\main.o
 .debug_loc     0x0000484a      0x110 obj\release\sdcard.o
 .debug_loc     0x0000495a      0x428 obj\release\spi_sdcard.o
 .debug_loc     0x00004d82      0x168 obj\release\system_stm32f4xx.o
 .debug_loc     0x00004eea       0x63 obj\release\usbdisk.o

.debug_aranges  0x00000000      0x390
 .debug_aranges
                0x00000000       0x40 obj\release\audio_if.o
 .debug_aranges
                0x00000040       0x40 obj\release\diskio.o
 .debug_aranges
                0x00000080      0x138 obj\release\ff.o
 .debug_aranges
                0x000001b8       0x20 obj\release\hardware_init.o
 .debug_aranges
                0x000001d8       0x30 obj\release\i2c.o
 .debug_aranges
                0x00000208       0x20 obj\release\i2s.o
 .debug_aranges
                0x00000228       0x50 obj\release\main.o
 .debug_aranges
                0x00000278       0x40 obj\release\sdcard.o
 .debug_aranges
                0x000002b8       0x50 obj\release\spi_sdcard.o
 .debug_aranges
                0x00000308       0x20 obj\release\startup_stm32f4xx.o
 .debug_aranges
                0x00000328       0x28 obj\release\system_stm32f4xx.o
 .debug_aranges
                0x00000350       0x40 obj\release\usbdisk.o

.debug_ranges   0x00000000      0x6f8
 .debug_ranges  0x00000000       0x30 obj\release\audio_if.o
 .debug_ranges  0x00000030       0x30 obj\release\diskio.o
 .debug_ranges  0x00000060      0x4c8 obj\release\ff.o
 .debug_ranges  0x00000528       0x10 obj\release\hardware_init.o
 .debug_ranges  0x00000538       0x20 obj\release\i2c.o
 .debug_ranges  0x00000558       0x10 obj\release\i2s.o
 .debug_ranges  0x00000568       0xa8 obj\release\main.o
 .debug_ranges  0x00000610       0x30 obj\release\sdcard.o
 .debug_ranges  0x00000640       0x40 obj\release\spi_sdcard.o
 .debug_ranges  0x00000680       0x48 obj\release\system_stm32f4xx.o
 .debug_ranges  0x000006c8       0x30 obj\release\usbdisk.o

.debug_line     0x00000000     0x1e1c
 .debug_line    0x00000000      0x1ba obj\release\audio_if.o
 .debug_line    0x000001ba      0x109 obj\release\diskio.o
 .debug_line    0x000002c3      0xc68 obj\release\ff.o
 .debug_line    0x00000f2b      0x1af obj\release\hardware_init.o
 .debug_line    0x000010da      0x1c0 obj\release\i2c.o
 .debug_line    0x0000129a      0x133 obj\release\i2s.o
 .debug_line    0x000013cd        0x0 obj\release\interrupts.o
 .debug_line    0x000013cd      0x29c obj\release\main.o
 .debug_line    0x00001669      0x1a8 obj\release\sdcard.o
 .debug_line    0x00001811      0x305 obj\release\spi_sdcard.o
 .debug_line    0x00001b16       0xbc obj\release\startup_stm32f4xx.o
 .debug_line    0x00001bd2      0x1b9 obj\release\system_stm32f4xx.o
 .debug_line    0x00001d8b       0x91 obj\release\usbdisk.o

.debug_str      0x00000000     0x1250
 .debug_str     0x00000000      0x21c obj\release\audio_if.o
                                0x25d (size before relaxing)
 .debug_str     0x0000021c      0x106 obj\release\diskio.o
                                0x200 (size before relaxing)
 .debug_str     0x00000322      0x45a obj\release\ff.o
                                0x5dc (size before relaxing)
 .debug_str     0x0000077c      0x1de obj\release\hardware_init.o
                                0x39e (size before relaxing)
 .debug_str     0x0000095a       0x19 obj\release\i2c.o
                                0x1b9 (size before relaxing)
 .debug_str     0x00000973        0xa obj\release\i2s.o
                                0x19e (size before relaxing)
 .debug_str     0x0000097d      0x6ed obj\release\main.o
                                0xc06 (size before relaxing)
 .debug_str     0x0000106a       0x5c obj\release\sdcard.o
                                0x1fa (size before relaxing)
 .debug_str     0x000010c6       0xb8 obj\release\spi_sdcard.o
                                0x31c (size before relaxing)
 .debug_str     0x0000117e       0xc4 obj\release\system_stm32f4xx.o
                                0x325 (size before relaxing)
 .debug_str     0x00001242        0xe obj\release\usbdisk.o
                                0x12a (size before relaxing)

.debug_frame    0x00000000      0x99c
 .debug_frame   0x00000000       0x80 obj\release\audio_if.o
 .debug_frame   0x00000080       0x88 obj\release\diskio.o
 .debug_frame   0x00000108      0x448 obj\release\ff.o
 .debug_frame   0x00000550       0x2c obj\release\hardware_init.o
 .debug_frame   0x0000057c       0x40 obj\release\i2c.o
 .debug_frame   0x000005bc       0x20 obj\release\i2s.o
 .debug_frame   0x000005dc       0x9c obj\release\main.o
 .debug_frame   0x00000678       0x6c obj\release\sdcard.o
 .debug_frame   0x000006e4       0xbc obj\release\spi_sdcard.o
 .debug_frame   0x000007a0       0x34 obj\release\system_stm32f4xx.o
 .debug_frame   0x000007d4       0x60 obj\release\usbdisk.o
 .debug_frame   0x00000834       0x34 c:/program files (x86)/emblocks/1.21/share/em_armgcc/bin/../lib/gcc/arm-none-eabi/4.7.3/../../../../arm-none-eabi/lib/armv7e-m/softfp\libc.a(lib_a-__atexit.o)
 .debug_frame   0x00000868       0x28 c:/program files (x86)/emblocks/1.21/share/em_armgcc/bin/../lib/gcc/arm-none-eabi/4.7.3/../../../../arm-none-eabi/lib/armv7e-m/softfp\libc.a(lib_a-exit.o)
 .debug_frame   0x00000890       0x2c c:/program files (x86)/emblocks/1.21/share/em_armgcc/bin/../lib/gcc/arm-none-eabi/4.7.3/../../../../arm-none-eabi/lib/armv7e-m/softfp\libc.a(lib_a-fini.o)
 .debug_frame   0x000008bc       0x2c c:/program files (x86)/emblocks/1.21/share/em_armgcc/bin/../lib/gcc/arm-none-eabi/4.7.3/../../../../arm-none-eabi/lib/armv7e-m/softfp\libc.a(lib_a-init.o)
 .debug_frame   0x000008e8       0x2c c:/program files (x86)/emblocks/1.21/share/em_armgcc/bin/../lib/gcc/arm-none-eabi/4.7.3/../../../../arm-none-eabi/lib/armv7e-m/softfp\libc.a(lib_a-memset.o)
 .debug_frame   0x00000914       0x48 c:/program files (x86)/emblocks/1.21/share/em_armgcc/bin/../lib/gcc/arm-none-eabi/4.7.3/../../../../arm-none-eabi/lib/armv7e-m/softfp\libc.a(lib_a-__call_atexit.o)
 .debug_frame   0x0000095c       0x20 c:/program files (x86)/emblocks/1.21/share/em_armgcc/bin/../lib/gcc/arm-none-eabi/4.7.3/../../../../arm-none-eabi/lib/armv7e-m/softfp\libc.a(lib_a-atexit.o)
 .debug_frame   0x0000097c       0x20 c:/program files (x86)/emblocks/1.21/share/em_armgcc/bin/../lib/gcc/arm-none-eabi/4.7.3/../../../../arm-none-eabi/lib/armv7e-m/softfp\libnosys.a(_exit.o)
