Archive member included because of file (symbol)

c:/program files (x86)/emblocks/1.21/share/em_armgcc/bin/../lib/gcc/arm-none-eabi/4.7.3/../../../../arm-none-eabi/lib/armv7e-m/softfp\librdimon.a(rdimon-syscalls.o)
                              c:/program files (x86)/emblocks/1.21/share/em_armgcc/bin/../lib/gcc/arm-none-eabi/4.7.3/../../../../arm-none-eabi/lib/armv7e-m/softfp/rdimon-crt0.o (initialise_monitor_handles)
c:/program files (x86)/emblocks/1.21/share/em_armgcc/bin/../lib/gcc/arm-none-eabi/4.7.3/../../../../arm-none-eabi/lib/armv7e-m/softfp\libc.a(lib_a-__atexit.o)
                              c:/program files (x86)/emblocks/1.21/share/em_armgcc/bin/../lib/gcc/arm-none-eabi/4.7.3/../../../../arm-none-eabi/lib/armv7e-m/softfp/rdimon-crt0.o (__register_exitproc)
c:/program files (x86)/emblocks/1.21/share/em_armgcc/bin/../lib/gcc/arm-none-eabi/4.7.3/../../../../arm-none-eabi/lib/armv7e-m/softfp\libc.a(lib_a-errno.o)
                              c:/program files (x86)/emblocks/1.21/share/em_armgcc/bin/../lib/gcc/arm-none-eabi/4.7.3/../../../../arm-none-eabi/lib/armv7e-m/softfp\librdimon.a(rdimon-syscalls.o) (__errno)
c:/program files (x86)/emblocks/1.21/share/em_armgcc/bin/../lib/gcc/arm-none-eabi/4.7.3/../../../../arm-none-eabi/lib/armv7e-m/softfp\libc.a(lib_a-exit.o)
                              c:/program files (x86)/emblocks/1.21/share/em_armgcc/bin/../lib/gcc/arm-none-eabi/4.7.3/../../../../arm-none-eabi/lib/armv7e-m/softfp/rdimon-crt0.o (exit)
c:/program files (x86)/emblocks/1.21/share/em_armgcc/bin/../lib/gcc/arm-none-eabi/4.7.3/../../../../arm-none-eabi/lib/armv7e-m/softfp\libc.a(lib_a-findfp.o)
                              c:/program files (x86)/emblocks/1.21/share/em_armgcc/bin/../lib/gcc/arm-none-eabi/4.7.3/../../../../arm-none-eabi/lib/armv7e-m/softfp\librdimon.a(rdimon-syscalls.o) (__sinit)
c:/program files (x86)/emblocks/1.21/share/em_armgcc/bin/../lib/gcc/arm-none-eabi/4.7.3/../../../../arm-none-eabi/lib/armv7e-m/softfp\libc.a(lib_a-fini.o)
                              c:/program files (x86)/emblocks/1.21/share/em_armgcc/bin/../lib/gcc/arm-none-eabi/4.7.3/../../../../arm-none-eabi/lib/armv7e-m/softfp/rdimon-crt0.o (__libc_fini_array)
c:/program files (x86)/emblocks/1.21/share/em_armgcc/bin/../lib/gcc/arm-none-eabi/4.7.3/../../../../arm-none-eabi/lib/armv7e-m/softfp\libc.a(lib_a-fwalk.o)
                              c:/program files (x86)/emblocks/1.21/share/em_armgcc/bin/../lib/gcc/arm-none-eabi/4.7.3/../../../../arm-none-eabi/lib/armv7e-m/softfp\libc.a(lib_a-findfp.o) (_fwalk)
c:/program files (x86)/emblocks/1.21/share/em_armgcc/bin/../lib/gcc/arm-none-eabi/4.7.3/../../../../arm-none-eabi/lib/armv7e-m/softfp\libc.a(lib_a-impure.o)
                              c:/program files (x86)/emblocks/1.21/share/em_armgcc/bin/../lib/gcc/arm-none-eabi/4.7.3/../../../../arm-none-eabi/lib/armv7e-m/softfp\libc.a(lib_a-__atexit.o) (_global_impure_ptr)
c:/program files (x86)/emblocks/1.21/share/em_armgcc/bin/../lib/gcc/arm-none-eabi/4.7.3/../../../../arm-none-eabi/lib/armv7e-m/softfp\libc.a(lib_a-init.o)
                              c:/program files (x86)/emblocks/1.21/share/em_armgcc/bin/../lib/gcc/arm-none-eabi/4.7.3/../../../../arm-none-eabi/lib/armv7e-m/softfp/rdimon-crt0.o (__libc_init_array)
c:/program files (x86)/emblocks/1.21/share/em_armgcc/bin/../lib/gcc/arm-none-eabi/4.7.3/../../../../arm-none-eabi/lib/armv7e-m/softfp\libc.a(lib_a-mallocr.o)
                              c:/program files (x86)/emblocks/1.21/share/em_armgcc/bin/../lib/gcc/arm-none-eabi/4.7.3/../../../../arm-none-eabi/lib/armv7e-m/softfp\libc.a(lib_a-findfp.o) (_malloc_r)
c:/program files (x86)/emblocks/1.21/share/em_armgcc/bin/../lib/gcc/arm-none-eabi/4.7.3/../../../../arm-none-eabi/lib/armv7e-m/softfp\libc.a(lib_a-memset.o)
                              c:/program files (x86)/emblocks/1.21/share/em_armgcc/bin/../lib/gcc/arm-none-eabi/4.7.3/../../../../arm-none-eabi/lib/armv7e-m/softfp/rdimon-crt0.o (memset)
c:/program files (x86)/emblocks/1.21/share/em_armgcc/bin/../lib/gcc/arm-none-eabi/4.7.3/../../../../arm-none-eabi/lib/armv7e-m/softfp\libc.a(lib_a-mlock.o)
                              c:/program files (x86)/emblocks/1.21/share/em_armgcc/bin/../lib/gcc/arm-none-eabi/4.7.3/../../../../arm-none-eabi/lib/armv7e-m/softfp\libc.a(lib_a-mallocr.o) (__malloc_lock)
c:/program files (x86)/emblocks/1.21/share/em_armgcc/bin/../lib/gcc/arm-none-eabi/4.7.3/../../../../arm-none-eabi/lib/armv7e-m/softfp\libc.a(lib_a-sbrkr.o)
                              c:/program files (x86)/emblocks/1.21/share/em_armgcc/bin/../lib/gcc/arm-none-eabi/4.7.3/../../../../arm-none-eabi/lib/armv7e-m/softfp\libc.a(lib_a-mallocr.o) (_sbrk_r)
c:/program files (x86)/emblocks/1.21/share/em_armgcc/bin/../lib/gcc/arm-none-eabi/4.7.3/../../../../arm-none-eabi/lib/armv7e-m/softfp\libc.a(lib_a-stdio.o)
[...]
Memory Configuration

Name             Origin             Length             Attributes
FLASH            0x08000000         0x00100000         xr
RAM              0x20000000         0x00020000         xrw
CCM              0x10000000         0x00010000         xrw
*default*        0x00000000         0xffffffff

Linker script and memory map

LOAD c:/program files (x86)/emblocks/1.21/share/em_armgcc/bin/../lib/gcc/arm-none-eabi/4.7.3/../../../../arm-none-eabi/lib/armv7e-m/softfp\librdimon.a
LOAD c:/program files (x86)/emblocks/1.21/share/em_armgcc/bin/../lib/gcc/arm-none-eabi/4.7.3/armv7e-m/softfp/crti.o
LOAD c:/program files (x86)/emblocks/1.21/share/em_armgcc/bin/../lib/gcc/arm-none-eabi/4.7.3/armv7e-m/softfp/crtbegin.o
LOAD c:/program files (x86)/emblocks/1.21/share/em_armgcc/bin/../lib/gcc/arm-none-eabi/4.7.3/../../../../arm-none-eabi/lib/armv7e-m/softfp/rdimon-crt0.o

.text           0x08000000     0x7574
 *(.isr_vector)
 .isr_vector    0x08000000      0x188 obj\debug\startup_stm32f4xx.o
                0x08000000                __isr_vector
 *(.text*)
 .text          0x08000188        0x0 c:/program files (x86)/emblocks/1.21/share/em_armgcc/bin/../lib/gcc/arm-none-eabi/4.7.3/armv7e-m/softfp/crti.o
 .text          0x08000188       0x54 c:/program files (x86)/emblocks/1.21/share/em_armgcc/bin/../lib/gcc/arm-none-eabi/4.7.3/armv7e-m/softfp/crtbegin.o
 .text          0x080001dc       0xcc c:/program files (x86)/emblocks/1.21/share/em_armgcc/bin/../lib/gcc/arm-none-eabi/4.7.3/../../../../arm-none-eabi/lib/armv7e-m/softfp/rdimon-crt0.o
                0x080001dc                _start
                0x080001dc                start
                0x080001dc                _mainCRTStartup
 .text          0x080002a8      0x24c obj\debug\audio_if.o
                0x080002a8                codecReset
                0x080002e4                codecPwrUp
                0x08000498                codecBeep
                0x080004d4                codecAudioBusInit
                0x080004e0                codecControlBusInit
 .text          0x080004f4      0x1ec obj\debug\diskio.o
                0x080004f4                disk_initialize
                0x08000548                disk_status
                0x080005a0                disk_read
                0x0800060c                disk_write
                0x08000678                disk_ioctl
 .text          0x080006e0     0x37fc obj\debug\ff.o
                0x08000a9c                clust2sect
                0x08000ae0                get_fat
                0x08000c7c                put_fat
                0x08001944                get_fattime
                0x08002324                f_mount
                0x08002388                f_open
                0x08002658                f_read
                0x08002940                f_write
                0x08002c8c                f_sync
                0x08002e14                f_close
                0x08002e40                f_chdrive
                0x08002e74                f_chdir
                0x08002f18                f_lseek
                0x080031f0                f_opendir
                0x080032c4                f_readdir
                0x0800335c                f_stat
                0x080033d4                f_getfree
                0x08003598                f_truncate
                0x080036b8                f_unlink
                0x08003854                f_mkdir
                0x08003b14                f_chmod
                0x08003bf0                f_utime
                0x08003cdc                f_rename
 .text          0x08003edc      0x490 obj\debug\hardware_init.o
                0x08003f14                stm32f4discoInit
 .text          0x0800436c      0x278 obj\debug\i2c.o
                0x0800436c                initI2C
                0x080043c4                i2cReadSingle
                0x08004508                i2cWriteSingle
 .text          0x080045e4       0x44 obj\debug\i2s.o
                0x080045e4                initI2S
 .text          0x08004628        0x0 obj\debug\interrupts.o
 .text          0x08004628      0x62c obj\debug\main.o
                0x08004628                USART2_IRQHandler
                0x08004678                EXTI0_IRQHandler
                0x080046ac                TIM2_IRQHandler
                0x080046c0                TIM7_IRQHandler
                0x08004750                DMA1_Stream6_IRQHandler
                0x0800475c                DMA1_Stream7_IRQHandler
                0x080047e8                delayLoop
                0x08004814                writeUart
                0x08004870                main
 .text          0x08004c54      0x180 obj\debug\sdcard.o
                0x08004c54                MMC_disk_initialize
                0x08004d30                MMC_disk_status
                0x08004d4c                MMC_disk_read
                0x08004d90                MMC_disk_write
                0x08004db4                MMC_disk_ioctl
 .text          0x08004dd4      0xa58 obj\debug\spi_sdcard.o
                0x08004dd4                setSpiSpeed
                0x08004e50                sd_crc7
                0x08004ef8                sdCommand
                0x08005384                sdReadSingle
                0x0800558c                sdReadMulti
                0x080057f4                sdWriteSingle
                0x08005810                sdWriteMulti
 .text          0x0800582c       0xec obj\debug\startup_stm32f4xx.o
                0x0800582c                Reset_Handler
                0x08005860                NMI_Handler
                0x08005862                HardFault_Handler
                0x08005864                MemManage_Handler
                0x08005866                BusFault_Handler
                0x08005868                UsageFault_Handler
                0x0800586a                SVC_Handler
                0x0800586c                DebugMon_Handler
                0x0800586e                PendSV_Handler
                0x08005870                SysTick_Handler
                0x08005872                Default_Handler
                0x08005874                WWDG_IRQHandler
                0x08005876                PVD_IRQHandler
                0x08005878                TAMP_STAMP_IRQHandler
                0x0800587a                RTC_WKUP_IRQHandler
                0x0800587c                FLASH_IRQHandler
                0x0800587e                RCC_IRQHandler
                0x08005882                EXTI1_IRQHandler
                0x08005884                EXTI2_IRQHandler
                0x08005886                EXTI3_IRQHandler
                0x08005888                EXTI4_IRQHandler
                0x0800588a                DMA1_Stream0_IRQHandler
                0x0800588c                DMA1_Stream1_IRQHandler
                0x0800588e                DMA1_Stream2_IRQHandler
                0x08005890                DMA1_Stream3_IRQHandler
                0x08005892                DMA1_Stream4_IRQHandler
                0x08005894                DMA1_Stream5_IRQHandler
                0x08005898                ADC_IRQHandler
                0x0800589a                CAN1_TX_IRQHandler
                0x0800589c                CAN1_RX0_IRQHandler
                0x0800589e                CAN1_RX1_IRQHandler
                0x080058a0                CAN1_SCE_IRQHandler
                0x080058a2                EXTI9_5_IRQHandler
                0x080058a4                TIM1_BRK_TIM9_IRQHandler
                0x080058a6                TIM1_UP_TIM10_IRQHandler
                0x080058a8                TIM1_TRG_COM_TIM11_IRQHandler
                0x080058aa                TIM1_CC_IRQHandler
                0x080058ae                TIM3_IRQHandler
                0x080058b0                TIM4_IRQHandler
                0x080058b2                I2C1_EV_IRQHandler
                0x080058b4                I2C1_ER_IRQHandler
                0x080058b6                I2C2_EV_IRQHandler
                0x080058b8                I2C2_ER_IRQHandler
                0x080058ba                SPI1_IRQHandler
                0x080058bc                SPI2_IRQHandler
                0x080058be                USART1_IRQHandler
                0x080058c2                USART3_IRQHandler
                0x080058c4                EXTI15_10_IRQHandler
                0x080058c6                RTC_Alarm_IRQHandler
                0x080058c8                OTG_FS_WKUP_IRQHandler
                0x080058ca                TIM8_BRK_TIM12_IRQHandler
                0x080058cc                TIM8_UP_TIM13_IRQHandler
                0x080058ce                TIM8_TRG_COM_TIM14_IRQHandler
                0x080058d0                TIM8_CC_IRQHandler
                0x080058d4                FSMC_IRQHandler
                0x080058d6                SDIO_IRQHandler
                0x080058d8                TIM5_IRQHandler
                0x080058da                SPI3_IRQHandler
                0x080058dc                UART4_IRQHandler
                0x080058de                UART5_IRQHandler
                0x080058e0                TIM6_DAC_IRQHandler
                0x080058e4                DMA2_Stream0_IRQHandler
                0x080058e6                DMA2_Stream1_IRQHandler
                0x080058e8                DMA2_Stream2_IRQHandler
                0x080058ea                DMA2_Stream3_IRQHandler
                0x080058ec                DMA2_Stream4_IRQHandler
                0x080058ee                ETH_IRQHandler
                0x080058f0                ETH_WKUP_IRQHandler
                0x080058f2                CAN2_TX_IRQHandler
                0x080058f4                CAN2_RX0_IRQHandler
                0x080058f6                CAN2_RX1_IRQHandler
                0x080058f8                CAN2_SCE_IRQHandler
                0x080058fa                OTG_FS_IRQHandler
                0x080058fc                DMA2_Stream5_IRQHandler
                0x080058fe                DMA2_Stream6_IRQHandler
                0x08005900                DMA2_Stream7_IRQHandler
                0x08005902                USART6_IRQHandler
                0x08005904                I2C3_EV_IRQHandler
                0x08005906                I2C3_ER_IRQHandler
                0x08005908                OTG_HS_EP1_OUT_IRQHandler
                0x0800590a                OTG_HS_EP1_IN_IRQHandler
                0x0800590c                OTG_HS_WKUP_IRQHandler
                0x0800590e                OTG_HS_IRQHandler
                0x08005910                DCMI_IRQHandler
                0x08005912                CRYP_IRQHandler
                0x08005914                HASH_RNG_IRQHandler
                0x08005916                FPU_IRQHandler
 .text          0x08005918      0x3f0 obj\debug\system_stm32f4xx.o
                0x08005918                SystemInit
                0x080059b8                SystemCoreClockUpdate
 .text          0x08005d08       0xa0 obj\debug\usbdisk.o
                0x08005d08                USB_disk_initialize
                0x08005d24                USB_disk_status
                0x08005d40                USB_disk_read
                0x08005d64                USB_disk_write
                0x08005d88                USB_disk_ioctl
 .text          0x08005da8        0x0 c:/program files (x86)/emblocks/1.21/share/em_armgcc/bin/../lib/gcc/arm-none-eabi/4.7.3/../../../../arm-none-eabi/lib/armv7e-m/softfp\librdimon.a(rdimon-syscalls.o)
 .text.findslot
                0x08005da8       0x34 c:/program files (x86)/emblocks/1.21/share/em_armgcc/bin/../lib/gcc/arm-none-eabi/4.7.3/../../../../arm-none-eabi/lib/armv7e-m/softfp\librdimon.a(rdimon-syscalls.o)
 .text.error    0x08005ddc       0x1c c:/program files (x86)/emblocks/1.21/share/em_armgcc/bin/../lib/gcc/arm-none-eabi/4.7.3/../../../../arm-none-eabi/lib/armv7e-m/softfp\librdimon.a(rdimon-syscalls.o)
 .text.checkerror
                0x08005df8        0xa c:/program files (x86)/emblocks/1.21/share/em_armgcc/bin/../lib/gcc/arm-none-eabi/4.7.3/../../../../arm-none-eabi/lib/armv7e-m/softfp\librdimon.a(rdimon-syscalls.o)
 *fill*         0x08005e02        0x2 
 .text.initialise_monitor_handles
                0x08005e04       0xa4 c:/program files (x86)/emblocks/1.21/share/em_armgcc/bin/../lib/gcc/arm-none-eabi/4.7.3/../../../../arm-none-eabi/lib/armv7e-m/softfp\librdimon.a(rdimon-syscalls.o)
                0x08005e04                initialise_monitor_handles
 .text._swiread
                0x08005ea8       0x20 c:/program files (x86)/emblocks/1.21/share/em_armgcc/bin/../lib/gcc/arm-none-eabi/4.7.3/../../../../arm-none-eabi/lib/armv7e-m/softfp\librdimon.a(rdimon-syscalls.o)
                0x08005ea8                _swiread
 .text._read    0x08005ec8       0x34 c:/program files (x86)/emblocks/1.21/share/em_armgcc/bin/../lib/gcc/arm-none-eabi/4.7.3/../../../../arm-none-eabi/lib/armv7e-m/softfp\librdimon.a(rdimon-syscalls.o)
                0x08005ec8                _read
 .text._swilseek
                0x08005efc       0x7c c:/program files (x86)/emblocks/1.21/share/em_armgcc/bin/../lib/gcc/arm-none-eabi/4.7.3/../../../../arm-none-eabi/lib/armv7e-m/softfp\librdimon.a(rdimon-syscalls.o)
                0x08005efc                _swilseek
 .text._lseek   0x08005f78        0x4 c:/program files (x86)/emblocks/1.21/share/em_armgcc/bin/../lib/gcc/arm-none-eabi/4.7.3/../../../../arm-none-eabi/lib/armv7e-m/softfp\librdimon.a(rdimon-syscalls.o)
                0x08005f78                _lseek
 .text._swiwrite
                0x08005f7c       0x20 c:/program files (x86)/emblocks/1.21/share/em_armgcc/bin/../lib/gcc/arm-none-eabi/4.7.3/../../../../arm-none-eabi/lib/armv7e-m/softfp\librdimon.a(rdimon-syscalls.o)
                0x08005f7c                _swiwrite
 .text._write   0x08005f9c       0x42 c:/program files (x86)/emblocks/1.21/share/em_armgcc/bin/../lib/gcc/arm-none-eabi/4.7.3/../../../../arm-none-eabi/lib/armv7e-m/softfp\librdimon.a(rdimon-syscalls.o)
                0x08005f9c                _write
 .text._swiclose
                0x08005fde       0x1a c:/program files (x86)/emblocks/1.21/share/em_armgcc/bin/../lib/gcc/arm-none-eabi/4.7.3/../../../../arm-none-eabi/lib/armv7e-m/softfp\librdimon.a(rdimon-syscalls.o)
                0x08005fde                _swiclose
 .text._close   0x08005ff8       0x48 c:/program files (x86)/emblocks/1.21/share/em_armgcc/bin/../lib/gcc/arm-none-eabi/4.7.3/../../../../arm-none-eabi/lib/armv7e-m/softfp\librdimon.a(rdimon-syscalls.o)
                0x08005ff8                _close
 .text._getpid  0x08006040        0x4 c:/program files (x86)/emblocks/1.21/share/em_armgcc/bin/../lib/gcc/arm-none-eabi/4.7.3/../../../../arm-none-eabi/lib/armv7e-m/softfp\librdimon.a(rdimon-syscalls.o)
                0x08006040                _getpid
 .text._sbrk    0x08006044       0x34 c:/program files (x86)/emblocks/1.21/share/em_armgcc/bin/../lib/gcc/arm-none-eabi/4.7.3/../../../../arm-none-eabi/lib/armv7e-m/softfp\librdimon.a(rdimon-syscalls.o)
                0x08006044                _sbrk
 .text._swistat
                0x08006078       0x42 c:/program files (x86)/emblocks/1.21/share/em_armgcc/bin/../lib/gcc/arm-none-eabi/4.7.3/../../../../arm-none-eabi/lib/armv7e-m/softfp\librdimon.a(rdimon-syscalls.o)
                0x08006078                _swistat
 .text._fstat   0x080060ba       0x1c c:/program files (x86)/emblocks/1.21/share/em_armgcc/bin/../lib/gcc/arm-none-eabi/4.7.3/../../../../arm-none-eabi/lib/armv7e-m/softfp\librdimon.a(rdimon-syscalls.o)
                0x080060ba                _fstat
 .text._stat    0x080060d6       0x3c c:/program files (x86)/emblocks/1.21/share/em_armgcc/bin/../lib/gcc/arm-none-eabi/4.7.3/../../../../arm-none-eabi/lib/armv7e-m/softfp\librdimon.a(rdimon-syscalls.o)
                0x080060d6                _stat
 *fill*         0x08006112        0x2 
 .text._swiopen
                0x08006114       0xb4 c:/program files (x86)/emblocks/1.21/share/em_armgcc/bin/../lib/gcc/arm-none-eabi/4.7.3/../../../../arm-none-eabi/lib/armv7e-m/softfp\librdimon.a(rdimon-syscalls.o)
                0x08006114                _swiopen
 .text._open    0x080061c8       0x12 c:/program files (x86)/emblocks/1.21/share/em_armgcc/bin/../lib/gcc/arm-none-eabi/4.7.3/../../../../arm-none-eabi/lib/armv7e-m/softfp\librdimon.a(rdimon-syscalls.o)
                0x080061c8                _open
 .text._link    0x080061da       0x10 c:/program files (x86)/emblocks/1.21/share/em_armgcc/bin/../lib/gcc/arm-none-eabi/4.7.3/../../../../arm-none-eabi/lib/armv7e-m/softfp\librdimon.a(rdimon-syscalls.o)
                0x080061da                _link
 .text._unlink  0x080061ea       0x26 c:/program files (x86)/emblocks/1.21/share/em_armgcc/bin/../lib/gcc/arm-none-eabi/4.7.3/../../../../arm-none-eabi/lib/armv7e-m/softfp\librdimon.a(rdimon-syscalls.o)
                0x080061ea                _unlink
 .text._gettimeofday
                0x08006210       0x24 c:/program files (x86)/emblocks/1.21/share/em_armgcc/bin/../lib/gcc/arm-none-eabi/4.7.3/../../../../arm-none-eabi/lib/armv7e-m/softfp\librdimon.a(rdimon-syscalls.o)
                0x08006210                _gettimeofday
 .text._clock   0x08006234       0x12 c:/program files (x86)/emblocks/1.21/share/em_armgcc/bin/../lib/gcc/arm-none-eabi/4.7.3/../../../../arm-none-eabi/lib/armv7e-m/softfp\librdimon.a(rdimon-syscalls.o)
                0x08006234                _clock
 .text._times   0x08006246       0x16 c:/program files (x86)/emblocks/1.21/share/em_armgcc/bin/../lib/gcc/arm-none-eabi/4.7.3/../../../../arm-none-eabi/lib/armv7e-m/softfp\librdimon.a(rdimon-syscalls.o)
                0x08006246                _times
 .text._isatty  0x0800625c       0x38 c:/program files (x86)/emblocks/1.21/share/em_armgcc/bin/../lib/gcc/arm-none-eabi/4.7.3/../../../../arm-none-eabi/lib/armv7e-m/softfp\librdimon.a(rdimon-syscalls.o)
                0x0800625c                _isatty
 .text._system  0x08006294       0x3a c:/program files (x86)/emblocks/1.21/share/em_armgcc/bin/../lib/gcc/arm-none-eabi/4.7.3/../../../../arm-none-eabi/lib/armv7e-m/softfp\librdimon.a(rdimon-syscalls.o)
                0x08006294                _system
 .text._rename  0x080062ce       0x38 c:/program files (x86)/emblocks/1.21/share/em_armgcc/bin/../lib/gcc/arm-none-eabi/4.7.3/../../../../arm-none-eabi/lib/armv7e-m/softfp\librdimon.a(rdimon-syscalls.o)
                0x080062ce                _rename
 .text          0x08006306        0x0 c:/program files (x86)/emblocks/1.21/share/em_armgcc/bin/../lib/gcc/arm-none-eabi/4.7.3/../../../../arm-none-eabi/lib/armv7e-m/softfp\libc.a(lib_a-__atexit.o)
 *fill*         0x08006306        0x2 
 .text.__register_exitproc
                0x08006308       0xb0 c:/program files (x86)/emblocks/1.21/share/em_armgcc/bin/../lib/gcc/arm-none-eabi/4.7.3/../../../../arm-none-eabi/lib/armv7e-m/softfp\libc.a(lib_a-__atexit.o)
                0x08006308                __register_exitproc
 .text          0x080063b8        0x0 c:/program files (x86)/emblocks/1.21/share/em_armgcc/bin/../lib/gcc/arm-none-eabi/4.7.3/../../../../arm-none-eabi/lib/armv7e-m/softfp\libc.a(lib_a-errno.o)
 .text.__errno  0x080063b8        0xc c:/program files (x86)/emblocks/1.21/share/em_armgcc/bin/../lib/gcc/arm-none-eabi/4.7.3/../../../../arm-none-eabi/lib/armv7e-m/softfp\libc.a(lib_a-errno.o)
                0x080063b8                __errno
 .text          0x080063c4        0x0 c:/program files (x86)/emblocks/1.21/share/em_armgcc/bin/../lib/gcc/arm-none-eabi/4.7.3/../../../../arm-none-eabi/lib/armv7e-m/softfp\libc.a(lib_a-exit.o)
 .text.exit     0x080063c4       0x20 c:/program files (x86)/emblocks/1.21/share/em_armgcc/bin/../lib/gcc/arm-none-eabi/4.7.3/../../../../arm-none-eabi/lib/armv7e-m/softfp\libc.a(lib_a-exit.o)
                0x080063c4                exit
 .text          0x080063e4        0x0 c:/program files (x86)/emblocks/1.21/share/em_armgcc/bin/../lib/gcc/arm-none-eabi/4.7.3/../../../../arm-none-eabi/lib/armv7e-m/softfp\libc.a(lib_a-findfp.o)
 .text.__fp_lock
                0x080063e4        0x4 c:/program files (x86)/emblocks/1.21/share/em_armgcc/bin/../lib/gcc/arm-none-eabi/4.7.3/../../../../arm-none-eabi/lib/armv7e-m/softfp\libc.a(lib_a-findfp.o)
 .text.__fp_unlock
                0x080063e8        0x4 c:/program files (x86)/emblocks/1.21/share/em_armgcc/bin/../lib/gcc/arm-none-eabi/4.7.3/../../../../arm-none-eabi/lib/armv7e-m/softfp\libc.a(lib_a-findfp.o)
 .text._cleanup_r
                0x080063ec        0xc c:/program files (x86)/emblocks/1.21/share/em_armgcc/bin/../lib/gcc/arm-none-eabi/4.7.3/../../../../arm-none-eabi/lib/armv7e-m/softfp\libc.a(lib_a-findfp.o)
                0x080063ec                _cleanup_r
 .text.std.isra.0
                0x080063f8       0x50 c:/program files (x86)/emblocks/1.21/share/em_armgcc/bin/../lib/gcc/arm-none-eabi/4.7.3/../../../../arm-none-eabi/lib/armv7e-m/softfp\libc.a(lib_a-findfp.o)
 .text.__sfmoreglue
                0x08006448       0x2c c:/program files (x86)/emblocks/1.21/share/em_armgcc/bin/../lib/gcc/arm-none-eabi/4.7.3/../../../../arm-none-eabi/lib/armv7e-m/softfp\libc.a(lib_a-findfp.o)
                0x08006448                __sfmoreglue
 .text._cleanup
                0x08006474       0x10 c:/program files (x86)/emblocks/1.21/share/em_armgcc/bin/../lib/gcc/arm-none-eabi/4.7.3/../../../../arm-none-eabi/lib/armv7e-m/softfp\libc.a(lib_a-findfp.o)
                0x08006474                _cleanup
 .text.__sinit  0x08006484       0x48 c:/program files (x86)/emblocks/1.21/share/em_armgcc/bin/../lib/gcc/arm-none-eabi/4.7.3/../../../../arm-none-eabi/lib/armv7e-m/softfp\libc.a(lib_a-findfp.o)
                0x08006484                __sinit
 .text.__sfp    0x080064cc       0x88 c:/program files (x86)/emblocks/1.21/share/em_armgcc/bin/../lib/gcc/arm-none-eabi/4.7.3/../../../../arm-none-eabi/lib/armv7e-m/softfp\libc.a(lib_a-findfp.o)
                0x080064cc                __sfp
 .text.__sfp_lock_acquire
                0x08006554        0x4 c:/program files (x86)/emblocks/1.21/share/em_armgcc/bin/../lib/gcc/arm-none-eabi/4.7.3/../../../../arm-none-eabi/lib/armv7e-m/softfp\libc.a(lib_a-findfp.o)
                0x08006554                __sfp_lock_acquire
 .text.__sfp_lock_release
                0x08006558        0x4 c:/program files (x86)/emblocks/1.21/share/em_armgcc/bin/../lib/gcc/arm-none-eabi/4.7.3/../../../../arm-none-eabi/lib/armv7e-m/softfp\libc.a(lib_a-findfp.o)
                0x08006558                __sfp_lock_release
 .text.__sinit_lock_acquire
                0x0800655c        0x4 c:/program files (x86)/emblocks/1.21/share/em_armgcc/bin/../lib/gcc/arm-none-eabi/4.7.3/../../../../arm-none-eabi/lib/armv7e-m/softfp\libc.a(lib_a-findfp.o)
                0x0800655c                __sinit_lock_acquire
 .text.__sinit_lock_release
                0x08006560        0x4 c:/program files (x86)/emblocks/1.21/share/em_armgcc/bin/../lib/gcc/arm-none-eabi/4.7.3/../../../../arm-none-eabi/lib/armv7e-m/softfp\libc.a(lib_a-findfp.o)
                0x08006560                __sinit_lock_release
 .text.__fp_lock_all
                0x08006564       0x18 c:/program files (x86)/emblocks/1.21/share/em_armgcc/bin/../lib/gcc/arm-none-eabi/4.7.3/../../../../arm-none-eabi/lib/armv7e-m/softfp\libc.a(lib_a-findfp.o)
                0x08006564                __fp_lock_all
 .text.__fp_unlock_all
                0x0800657c       0x18 c:/program files (x86)/emblocks/1.21/share/em_armgcc/bin/../lib/gcc/arm-none-eabi/4.7.3/../../../../arm-none-eabi/lib/armv7e-m/softfp\libc.a(lib_a-findfp.o)
                0x0800657c                __fp_unlock_all
 .text          0x08006594        0x0 c:/program files (x86)/emblocks/1.21/share/em_armgcc/bin/../lib/gcc/arm-none-eabi/4.7.3/../../../../arm-none-eabi/lib/armv7e-m/softfp\libc.a(lib_a-fini.o)
 .text.__libc_fini_array
                0x08006594       0x2c c:/program files (x86)/emblocks/1.21/share/em_armgcc/bin/../lib/gcc/arm-none-eabi/4.7.3/../../../../arm-none-eabi/lib/armv7e-m/softfp\libc.a(lib_a-fini.o)
                0x08006594                __libc_fini_array
 .text          0x080065c0        0x0 c:/program files (x86)/emblocks/1.21/share/em_armgcc/bin/../lib/gcc/arm-none-eabi/4.7.3/../../../../arm-none-eabi/lib/armv7e-m/softfp\libc.a(lib_a-fwalk.o)
 .text._fwalk   0x080065c0       0x48 c:/program files (x86)/emblocks/1.21/share/em_armgcc/bin/../lib/gcc/arm-none-eabi/4.7.3/../../../../arm-none-eabi/lib/armv7e-m/softfp\libc.a(lib_a-fwalk.o)
                0x080065c0                _fwalk
 .text._fwalk_reent
                0x08006608       0x4c c:/program files (x86)/emblocks/1.21/share/em_armgcc/bin/../lib/gcc/arm-none-eabi/4.7.3/../../../../arm-none-eabi/lib/armv7e-m/softfp\libc.a(lib_a-fwalk.o)
                0x08006608                _fwalk_reent
 .text          0x08006654        0x0 c:/program files (x86)/emblocks/1.21/share/em_armgcc/bin/../lib/gcc/arm-none-eabi/4.7.3/../../../../arm-none-eabi/lib/armv7e-m/softfp\libc.a(lib_a-impure.o)
 .text          0x08006654        0x0 c:/program files (x86)/emblocks/1.21/share/em_armgcc/bin/../lib/gcc/arm-none-eabi/4.7.3/../../../../arm-none-eabi/lib/armv7e-m/softfp\libc.a(lib_a-init.o)
 .text.__libc_init_array
                0x08006654       0x50 c:/program files (x86)/emblocks/1.21/share/em_armgcc/bin/../lib/gcc/arm-none-eabi/4.7.3/../../../../arm-none-eabi/lib/armv7e-m/softfp\libc.a(lib_a-init.o)
                0x08006654                __libc_init_array
 .text          0x080066a4        0x0 c:/program files (x86)/emblocks/1.21/share/em_armgcc/bin/../lib/gcc/arm-none-eabi/4.7.3/../../../../arm-none-eabi/lib/armv7e-m/softfp\libc.a(lib_a-mallocr.o)
 .text._malloc_r
                0x080066a4      0x564 c:/program files (x86)/emblocks/1.21/share/em_armgcc/bin/../lib/gcc/arm-none-eabi/4.7.3/../../../../arm-none-eabi/lib/armv7e-m/softfp\libc.a(lib_a-mallocr.o)
                0x080066a4                _malloc_r
 .text          0x08006c08        0x0 c:/program files (x86)/emblocks/1.21/share/em_armgcc/bin/../lib/gcc/arm-none-eabi/4.7.3/../../../../arm-none-eabi/lib/armv7e-m/softfp\libc.a(lib_a-memset.o)
 .text.memset   0x08006c08       0x94 c:/program files (x86)/emblocks/1.21/share/em_armgcc/bin/../lib/gcc/arm-none-eabi/4.7.3/../../../../arm-none-eabi/lib/armv7e-m/softfp\libc.a(lib_a-memset.o)
                0x08006c08                memset
 .text          0x08006c9c        0x0 c:/program files (x86)/emblocks/1.21/share/em_armgcc/bin/../lib/gcc/arm-none-eabi/4.7.3/../../../../arm-none-eabi/lib/armv7e-m/softfp\libc.a(lib_a-mlock.o)
 .text.__malloc_lock
                0x08006c9c        0x4 c:/program files (x86)/emblocks/1.21/share/em_armgcc/bin/../lib/gcc/arm-none-eabi/4.7.3/../../../../arm-none-eabi/lib/armv7e-m/softfp\libc.a(lib_a-mlock.o)
                0x08006c9c                __malloc_lock
 .text.__malloc_unlock
                0x08006ca0        0x4 c:/program files (x86)/emblocks/1.21/share/em_armgcc/bin/../lib/gcc/arm-none-eabi/4.7.3/../../../../arm-none-eabi/lib/armv7e-m/softfp\libc.a(lib_a-mlock.o)
                0x08006ca0                __malloc_unlock
 .text          0x08006ca4        0x0 c:/program files (x86)/emblocks/1.21/share/em_armgcc/bin/../lib/gcc/arm-none-eabi/4.7.3/../../../../arm-none-eabi/lib/armv7e-m/softfp\libc.a(lib_a-sbrkr.o)
 .text._sbrk_r  0x08006ca4       0x24 c:/program files (x86)/emblocks/1.21/share/em_armgcc/bin/../lib/gcc/arm-none-eabi/4.7.3/../../../../arm-none-eabi/lib/armv7e-m/softfp\libc.a(lib_a-sbrkr.o)
                0x08006ca4                _sbrk_r
 .text          0x08006cc8        0x0 c:/program files (x86)/emblocks/1.21/share/em_armgcc/bin/../lib/gcc/arm-none-eabi/4.7.3/../../../../arm-none-eabi/lib/armv7e-m/softfp\libc.a(lib_a-stdio.o)
 .text.__sread  0x08006cc8       0x24 c:/program files (x86)/emblocks/1.21/share/em_armgcc/bin/../lib/gcc/arm-none-eabi/4.7.3/../../../../arm-none-eabi/lib/armv7e-m/softfp\libc.a(lib_a-stdio.o)
                0x08006cc8                __sread
 .text.__seofread
                0x08006cec        0x4 c:/program files (x86)/emblocks/1.21/share/em_armgcc/bin/../lib/gcc/arm-none-eabi/4.7.3/../../../../arm-none-eabi/lib/armv7e-m/softfp\libc.a(lib_a-stdio.o)
                0x08006cec                __seofread
 .text.__swrite
                0x08006cf0       0x44 c:/program files (x86)/emblocks/1.21/share/em_armgcc/bin/../lib/gcc/arm-none-eabi/4.7.3/../../../../arm-none-eabi/lib/armv7e-m/softfp\libc.a(lib_a-stdio.o)
                0x08006cf0                __swrite
 .text.__sseek  0x08006d34       0x20 c:/program files (x86)/emblocks/1.21/share/em_armgcc/bin/../lib/gcc/arm-none-eabi/4.7.3/../../../../arm-none-eabi/lib/armv7e-m/softfp\libc.a(lib_a-stdio.o)
                0x08006d34                __sseek
 .text.__sclose
                0x08006d54        0x8 c:/program files (x86)/emblocks/1.21/share/em_armgcc/bin/../lib/gcc/arm-none-eabi/4.7.3/../../../../arm-none-eabi/lib/armv7e-m/softfp\libc.a(lib_a-stdio.o)
                0x08006d54                __sclose
 .text          0x08006d5c        0x0 c:/program files (x86)/emblocks/1.21/share/em_armgcc/bin/../lib/gcc/arm-none-eabi/4.7.3/../../../../arm-none-eabi/lib/armv7e-m/softfp\libc.a(lib_a-strlen.o)
 .text.strlen   0x08006d5c       0x60 c:/program files (x86)/emblocks/1.21/share/em_armgcc/bin/../lib/gcc/arm-none-eabi/4.7.3/../../../../arm-none-eabi/lib/armv7e-m/softfp\libc.a(lib_a-strlen.o)
                0x08006d5c                strlen
 .text          0x08006dbc        0x0 c:/program files (x86)/emblocks/1.21/share/em_armgcc/bin/../lib/gcc/arm-none-eabi/4.7.3/../../../../arm-none-eabi/lib/armv7e-m/softfp\libc.a(lib_a-writer.o)
 .text._write_r
                0x08006dbc       0x28 c:/program files (x86)/emblocks/1.21/share/em_armgcc/bin/../lib/gcc/arm-none-eabi/4.7.3/../../../../arm-none-eabi/lib/armv7e-m/softfp\libc.a(lib_a-writer.o)
                0x08006dbc                _write_r
 .text          0x08006de4        0x0 c:/program files (x86)/emblocks/1.21/share/em_armgcc/bin/../lib/gcc/arm-none-eabi/4.7.3/../../../../arm-none-eabi/lib/armv7e-m/softfp\libc.a(lib_a-__call_atexit.o)
 .text.startup.register_fini
                0x08006de4       0x14 c:/program files (x86)/emblocks/1.21/share/em_armgcc/bin/../lib/gcc/arm-none-eabi/4.7.3/../../../../arm-none-eabi/lib/armv7e-m/softfp\libc.a(lib_a-__call_atexit.o)
 .text.__call_exitprocs
                0x08006df8       0xd8 c:/program files (x86)/emblocks/1.21/share/em_armgcc/bin/../lib/gcc/arm-none-eabi/4.7.3/../../../../arm-none-eabi/lib/armv7e-m/softfp\libc.a(lib_a-__call_atexit.o)
                0x08006df8                __call_exitprocs
 .text          0x08006ed0        0x0 c:/program files (x86)/emblocks/1.21/share/em_armgcc/bin/../lib/gcc/arm-none-eabi/4.7.3/../../../../arm-none-eabi/lib/armv7e-m/softfp\libc.a(lib_a-atexit.o)
 .text.atexit   0x08006ed0        0xc c:/program files (x86)/emblocks/1.21/share/em_armgcc/bin/../lib/gcc/arm-none-eabi/4.7.3/../../../../arm-none-eabi/lib/armv7e-m/softfp\libc.a(lib_a-atexit.o)
                0x08006ed0                atexit
 .text          0x08006edc        0x0 c:/program files (x86)/emblocks/1.21/share/em_armgcc/bin/../lib/gcc/arm-none-eabi/4.7.3/../../../../arm-none-eabi/lib/armv7e-m/softfp\libc.a(lib_a-closer.o)
 .text._close_r
                0x08006edc       0x24 c:/program files (x86)/emblocks/1.21/share/em_armgcc/bin/../lib/gcc/arm-none-eabi/4.7.3/../../../../arm-none-eabi/lib/armv7e-m/softfp\libc.a(lib_a-closer.o)
                0x08006edc                _close_r
 .text          0x08006f00        0x0 c:/program files (x86)/emblocks/1.21/share/em_armgcc/bin/../lib/gcc/arm-none-eabi/4.7.3/../../../../arm-none-eabi/lib/armv7e-m/softfp\libc.a(lib_a-fclose.o)
 .text._fclose_r
                0x08006f00       0x88 c:/program files (x86)/emblocks/1.21/share/em_armgcc/bin/../lib/gcc/arm-none-eabi/4.7.3/../../../../arm-none-eabi/lib/armv7e-m/softfp\libc.a(lib_a-fclose.o)
                0x08006f00                _fclose_r
 .text.fclose   0x08006f88       0x10 c:/program files (x86)/emblocks/1.21/share/em_armgcc/bin/../lib/gcc/arm-none-eabi/4.7.3/../../../../arm-none-eabi/lib/armv7e-m/softfp\libc.a(lib_a-fclose.o)
                0x08006f88                fclose
 .text          0x08006f98        0x0 c:/program files (x86)/emblocks/1.21/share/em_armgcc/bin/../lib/gcc/arm-none-eabi/4.7.3/../../../../arm-none-eabi/lib/armv7e-m/softfp\libc.a(lib_a-fflush.o)
 .text.__sflush_r
                0x08006f98      0x15c c:/program files (x86)/emblocks/1.21/share/em_armgcc/bin/../lib/gcc/arm-none-eabi/4.7.3/../../../../arm-none-eabi/lib/armv7e-m/softfp\libc.a(lib_a-fflush.o)
                0x08006f98                __sflush_r
 .text._fflush_r
                0x080070f4       0x2c c:/program files (x86)/emblocks/1.21/share/em_armgcc/bin/../lib/gcc/arm-none-eabi/4.7.3/../../../../arm-none-eabi/lib/armv7e-m/softfp\libc.a(lib_a-fflush.o)
                0x080070f4                _fflush_r
 .text.fflush   0x08007120       0x24 c:/program files (x86)/emblocks/1.21/share/em_armgcc/bin/../lib/gcc/arm-none-eabi/4.7.3/../../../../arm-none-eabi/lib/armv7e-m/softfp\libc.a(lib_a-fflush.o)
                0x08007120                fflush
 .text          0x08007144        0x0 c:/program files (x86)/emblocks/1.21/share/em_armgcc/bin/../lib/gcc/arm-none-eabi/4.7.3/../../../../arm-none-eabi/lib/armv7e-m/softfp\libc.a(lib_a-freer.o)
 .text._malloc_trim_r
                0x08007144       0x98 c:/program files (x86)/emblocks/1.21/share/em_armgcc/bin/../lib/gcc/arm-none-eabi/4.7.3/../../../../arm-none-eabi/lib/armv7e-m/softfp\libc.a(lib_a-freer.o)
                0x08007144                _malloc_trim_r
 .text._free_r  0x080071dc      0x190 c:/program files (x86)/emblocks/1.21/share/em_armgcc/bin/../lib/gcc/arm-none-eabi/4.7.3/../../../../arm-none-eabi/lib/armv7e-m/softfp\libc.a(lib_a-freer.o)
                0x080071dc                _free_r
 .text          0x0800736c        0x0 c:/program files (x86)/emblocks/1.21/share/em_armgcc/bin/../lib/gcc/arm-none-eabi/4.7.3/../../../../arm-none-eabi/lib/armv7e-m/softfp\libc.a(lib_a-lseekr.o)
 .text._lseek_r
                0x0800736c       0x28 c:/program files (x86)/emblocks/1.21/share/em_armgcc/bin/../lib/gcc/arm-none-eabi/4.7.3/../../../../arm-none-eabi/lib/armv7e-m/softfp\libc.a(lib_a-lseekr.o)
                0x0800736c                _lseek_r
 .text          0x08007394        0x0 c:/program files (x86)/emblocks/1.21/share/em_armgcc/bin/../lib/gcc/arm-none-eabi/4.7.3/../../../../arm-none-eabi/lib/armv7e-m/softfp\libc.a(lib_a-readr.o)
 .text._read_r  0x08007394       0x28 c:/program files (x86)/emblocks/1.21/share/em_armgcc/bin/../lib/gcc/arm-none-eabi/4.7.3/../../../../arm-none-eabi/lib/armv7e-m/softfp\libc.a(lib_a-readr.o)
                0x08007394                _read_r
 .text          0x080073bc        0x0 c:/program files (x86)/emblocks/1.21/share/em_armgcc/bin/../lib/gcc/arm-none-eabi/4.7.3/../../../../arm-none-eabi/lib/armv7e-m/softfp\libc.a(lib_a-reent.o)
 .text.cleanup_glue
                0x080073bc       0x1c c:/program files (x86)/emblocks/1.21/share/em_armgcc/bin/../lib/gcc/arm-none-eabi/4.7.3/../../../../arm-none-eabi/lib/armv7e-m/softfp\libc.a(lib_a-reent.o)
                0x080073bc                cleanup_glue
 .text._reclaim_reent
                0x080073d8       0x8c c:/program files (x86)/emblocks/1.21/share/em_armgcc/bin/../lib/gcc/arm-none-eabi/4.7.3/../../../../arm-none-eabi/lib/armv7e-m/softfp\libc.a(lib_a-reent.o)
                0x080073d8                _reclaim_reent
 .text._wrapup_reent
                0x08007464       0x40 c:/program files (x86)/emblocks/1.21/share/em_armgcc/bin/../lib/gcc/arm-none-eabi/4.7.3/../../../../arm-none-eabi/lib/armv7e-m/softfp\libc.a(lib_a-reent.o)
                0x08007464                _wrapup_reent
 .text          0x080074a4        0x0 c:/program files (x86)/emblocks/1.21/share/em_armgcc/bin/../lib/gcc/arm-none-eabi/4.7.3/../../../../arm-none-eabi/lib/armv7e-m/softfp\libnosys.a(_exit.o)
 .text._exit    0x080074a4        0x4 c:/program files (x86)/emblocks/1.21/share/em_armgcc/bin/../lib/gcc/arm-none-eabi/4.7.3/../../../../arm-none-eabi/lib/armv7e-m/softfp\libnosys.a(_exit.o)
                0x080074a4                _exit
 .text          0x080074a8        0x0 c:/program files (x86)/emblocks/1.21/share/em_armgcc/bin/../lib/gcc/arm-none-eabi/4.7.3/armv7e-m/softfp/crtend.o
 .text          0x080074a8        0x0 c:/program files (x86)/emblocks/1.21/share/em_armgcc/bin/../lib/gcc/arm-none-eabi/4.7.3/armv7e-m/softfp/crtn.o
 *(.init)
 .init          0x080074a8        0x4 c:/program files (x86)/emblocks/1.21/share/em_armgcc/bin/../lib/gcc/arm-none-eabi/4.7.3/armv7e-m/softfp/crti.o
                0x080074a8                _init
 .init          0x080074ac        0x8 c:/program files (x86)/emblocks/1.21/share/em_armgcc/bin/../lib/gcc/arm-none-eabi/4.7.3/armv7e-m/softfp/crtn.o
 *(.fini)
 .fini          0x080074b4        0x4 c:/program files (x86)/emblocks/1.21/share/em_armgcc/bin/../lib/gcc/arm-none-eabi/4.7.3/armv7e-m/softfp/crti.o
                0x080074b4                _fini
 .fini          0x080074b8        0x8 c:/program files (x86)/emblocks/1.21/share/em_armgcc/bin/../lib/gcc/arm-none-eabi/4.7.3/armv7e-m/softfp/crtn.o
 *crtbegin.o(.ctors)
 *crtbegin?.o(.ctors)
 *(EXCLUDE_FILE(*crtend.o *crtend?.o) .ctors)
 *(SORT(.ctors.*))
 *(.ctors)
 *crtbegin.o(.dtors)
 *crtbegin?.o(.dtors)
 *(EXCLUDE_FILE(*crtend.o *crtend?.o) .dtors)
 *(SORT(.dtors.*))
 *(.dtors)
 *(.rodata*)
 .rodata        0x080074c0       0x90 obj\debug\ff.o
 .rodata        0x08007550       0x14 obj\debug\main.o
 .rodata.str1.1
                0x08007564        0x4 c:/program files (x86)/emblocks/1.21/share/em_armgcc/bin/../lib/gcc/arm-none-eabi/4.7.3/../../../../arm-none-eabi/lib/armv7e-m/softfp\librdimon.a(rdimon-syscalls.o)
 .rodata.str1.4
                0x08007568        0x4 c:/program files (x86)/emblocks/1.21/share/em_armgcc/bin/../lib/gcc/arm-none-eabi/4.7.3/../../../../arm-none-eabi/lib/armv7e-m/softfp\libc.a(lib_a-impure.o)
 .rodata._global_impure_ptr
                0x0800756c        0x4 c:/program files (x86)/emblocks/1.21/share/em_armgcc/bin/../lib/gcc/arm-none-eabi/4.7.3/../../../../arm-none-eabi/lib/armv7e-m/softfp\libc.a(lib_a-impure.o)
                0x0800756c                _global_impure_ptr
 *(.eh_frame*)
 .eh_frame      0x08007570        0x0 c:/program files (x86)/emblocks/1.21/share/em_armgcc/bin/../lib/gcc/arm-none-eabi/4.7.3/armv7e-m/softfp/crtbegin.o
 .eh_frame      0x08007570        0x4 c:/program files (x86)/emblocks/1.21/share/em_armgcc/bin/../lib/gcc/arm-none-eabi/4.7.3/armv7e-m/softfp/crtend.o

.glue_7         0x08007574        0x0
 .glue_7        0x00000000        0x0 linker stubs

.glue_7t        0x08007574        0x0
 .glue_7t       0x00000000        0x0 linker stubs

.vfp11_veneer   0x08007574        0x0
 .vfp11_veneer  0x00000000        0x0 linker stubs

.v4_bx          0x08007574        0x0
 .v4_bx         0x00000000        0x0 linker stubs

.iplt           0x08007574        0x0
 .iplt          0x00000000        0x0 c:/program files (x86)/emblocks/1.21/share/em_armgcc/bin/../lib/gcc/arm-none-eabi/4.7.3/armv7e-m/softfp/crtbegin.o

.ARM.extab      0x08007574        0x0
 *(.ARM.extab* .gnu.linkonce.armextab.*)
 .ARM.extab     0x08007574        0x0 c:/program files (x86)/emblocks/1.21/share/em_armgcc/bin/../lib/gcc/arm-none-eabi/4.7.3/../../../../arm-none-eabi/lib/armv7e-m/softfp/rdimon-crt0.o
                0x08007574                __exidx_start = .

.ARM.exidx      0x08007574        0x8
 *(.ARM.exidx* .gnu.linkonce.armexidx.*)
 .ARM.exidx     0x08007574        0x8 c:/program files (x86)/emblocks/1.21/share/em_armgcc/bin/../lib/gcc/arm-none-eabi/4.7.3/../../../../arm-none-eabi/lib/armv7e-m/softfp/rdimon-crt0.o
                0x0800757c                __exidx_end = .
                0x0800757c                __etext = .

.rel.dyn        0x0800757c        0x0
 .rel.iplt      0x00000000        0x0 c:/program files (x86)/emblocks/1.21/share/em_armgcc/bin/../lib/gcc/arm-none-eabi/4.7.3/armv7e-m/softfp/crtbegin.o

.data           0x20000000      0x978 load address 0x0800757c
                0x20000000                __data_start__ = .
 *(vtable)
 *(.data*)
 .data          0x20000000        0x0 c:/program files (x86)/emblocks/1.21/share/em_armgcc/bin/../lib/gcc/arm-none-eabi/4.7.3/armv7e-m/softfp/crti.o
 .data          0x20000000        0x4 c:/program files (x86)/emblocks/1.21/share/em_armgcc/bin/../lib/gcc/arm-none-eabi/4.7.3/armv7e-m/softfp/crtbegin.o
                0x20000000                __dso_handle
 .data          0x20000004      0x110 c:/program files (x86)/emblocks/1.21/share/em_armgcc/bin/../lib/gcc/arm-none-eabi/4.7.3/../../../../arm-none-eabi/lib/armv7e-m/softfp/rdimon-crt0.o
                0x2000000c                __stack_base__
 .data          0x20000114        0x0 obj\debug\audio_if.o
 .data          0x20000114        0x0 obj\debug\diskio.o
 .data          0x20000114        0x0 obj\debug\ff.o
 .data          0x20000114        0x0 obj\debug\hardware_init.o
 .data          0x20000114        0x0 obj\debug\i2c.o
 .data          0x20000114        0x0 obj\debug\i2s.o
 .data          0x20000114        0x0 obj\debug\interrupts.o
 .data          0x20000114        0x4 obj\debug\main.o
                0x20000114                testIncrement
 .data          0x20000118        0x0 obj\debug\sdcard.o
 .data          0x20000118        0x4 obj\debug\spi_sdcard.o
                0x20000118                cmdPtr
 .data          0x2000011c        0x0 obj\debug\startup_stm32f4xx.o
 .data          0x2000011c       0x14 obj\debug\system_stm32f4xx.o
                0x2000011c                SystemCoreClock
                0x20000120                AHBPrescTable
 .data          0x20000130        0x0 obj\debug\usbdisk.o
 .data          0x20000130        0x0 c:/program files (x86)/emblocks/1.21/share/em_armgcc/bin/../lib/gcc/arm-none-eabi/4.7.3/../../../../arm-none-eabi/lib/armv7e-m/softfp\librdimon.a(rdimon-syscalls.o)
 .data          0x20000130        0x0 c:/program files (x86)/emblocks/1.21/share/em_armgcc/bin/../lib/gcc/arm-none-eabi/4.7.3/../../../../arm-none-eabi/lib/armv7e-m/softfp\libc.a(lib_a-__atexit.o)
 .data          0x20000130        0x0 c:/program files (x86)/emblocks/1.21/share/em_armgcc/bin/../lib/gcc/arm-none-eabi/4.7.3/../../../../arm-none-eabi/lib/armv7e-m/softfp\libc.a(lib_a-errno.o)
 .data          0x20000130        0x0 c:/program files (x86)/emblocks/1.21/share/em_armgcc/bin/../lib/gcc/arm-none-eabi/4.7.3/../../../../arm-none-eabi/lib/armv7e-m/softfp\libc.a(lib_a-exit.o)
 .data          0x20000130        0x0 c:/program files (x86)/emblocks/1.21/share/em_armgcc/bin/../lib/gcc/arm-none-eabi/4.7.3/../../../../arm-none-eabi/lib/armv7e-m/softfp\libc.a(lib_a-findfp.o)
 .data          0x20000130        0x0 c:/program files (x86)/emblocks/1.21/share/em_armgcc/bin/../lib/gcc/arm-none-eabi/4.7.3/../../../../arm-none-eabi/lib/armv7e-m/softfp\libc.a(lib_a-fini.o)
 .data          0x20000130        0x0 c:/program files (x86)/emblocks/1.21/share/em_armgcc/bin/../lib/gcc/arm-none-eabi/4.7.3/../../../../arm-none-eabi/lib/armv7e-m/softfp\libc.a(lib_a-fwalk.o)
 .data          0x20000130        0x0 c:/program files (x86)/emblocks/1.21/share/em_armgcc/bin/../lib/gcc/arm-none-eabi/4.7.3/../../../../arm-none-eabi/lib/armv7e-m/softfp\libc.a(lib_a-impure.o)
 .data.impure_data
                0x20000130      0x428 c:/program files (x86)/emblocks/1.21/share/em_armgcc/bin/../lib/gcc/arm-none-eabi/4.7.3/../../../../arm-none-eabi/lib/armv7e-m/softfp\libc.a(lib_a-impure.o)
 .data._impure_ptr
                0x20000558        0x4 c:/program files (x86)/emblocks/1.21/share/em_armgcc/bin/../lib/gcc/arm-none-eabi/4.7.3/../../../../arm-none-eabi/lib/armv7e-m/softfp\libc.a(lib_a-impure.o)
                0x20000558                _impure_ptr
 .data          0x2000055c        0x0 c:/program files (x86)/emblocks/1.21/share/em_armgcc/bin/../lib/gcc/arm-none-eabi/4.7.3/../../../../arm-none-eabi/lib/armv7e-m/softfp\libc.a(lib_a-init.o)
 .data          0x2000055c        0x0 c:/program files (x86)/emblocks/1.21/share/em_armgcc/bin/../lib/gcc/arm-none-eabi/4.7.3/../../../../arm-none-eabi/lib/armv7e-m/softfp\libc.a(lib_a-mallocr.o)
 .data.__malloc_av_
                0x2000055c      0x408 c:/program files (x86)/emblocks/1.21/share/em_armgcc/bin/../lib/gcc/arm-none-eabi/4.7.3/../../../../arm-none-eabi/lib/armv7e-m/softfp\libc.a(lib_a-mallocr.o)
                0x2000055c                __malloc_av_
 .data.__malloc_trim_threshold
                0x20000964        0x4 c:/program files (x86)/emblocks/1.21/share/em_armgcc/bin/../lib/gcc/arm-none-eabi/4.7.3/../../../../arm-none-eabi/lib/armv7e-m/softfp\libc.a(lib_a-mallocr.o)
                0x20000964                __malloc_trim_threshold
 .data.__malloc_sbrk_base
                0x20000968        0x4 c:/program files (x86)/emblocks/1.21/share/em_armgcc/bin/../lib/gcc/arm-none-eabi/4.7.3/../../../../arm-none-eabi/lib/armv7e-m/softfp\libc.a(lib_a-mallocr.o)
                0x20000968                __malloc_sbrk_base
 .data          0x2000096c        0x0 c:/program files (x86)/emblocks/1.21/share/em_armgcc/bin/../lib/gcc/arm-none-eabi/4.7.3/../../../../arm-none-eabi/lib/armv7e-m/softfp\libc.a(lib_a-memset.o)
 .data          0x2000096c        0x0 c:/program files (x86)/emblocks/1.21/share/em_armgcc/bin/../lib/gcc/arm-none-eabi/4.7.3/../../../../arm-none-eabi/lib/armv7e-m/softfp\libc.a(lib_a-mlock.o)
 .data          0x2000096c        0x0 c:/program files (x86)/emblocks/1.21/share/em_armgcc/bin/../lib/gcc/arm-none-eabi/4.7.3/../../../../arm-none-eabi/lib/armv7e-m/softfp\libc.a(lib_a-sbrkr.o)
 .data          0x2000096c        0x0 c:/program files (x86)/emblocks/1.21/share/em_armgcc/bin/../lib/gcc/arm-none-eabi/4.7.3/../../../../arm-none-eabi/lib/armv7e-m/softfp\libc.a(lib_a-stdio.o)
 .data          0x2000096c        0x0 c:/program files (x86)/emblocks/1.21/share/em_armgcc/bin/../lib/gcc/arm-none-eabi/4.7.3/../../../../arm-none-eabi/lib/armv7e-m/softfp\libc.a(lib_a-strlen.o)
 .data          0x2000096c        0x0 c:/program files (x86)/emblocks/1.21/share/em_armgcc/bin/../lib/gcc/arm-none-eabi/4.7.3/../../../../arm-none-eabi/lib/armv7e-m/softfp\libc.a(lib_a-writer.o)
 .data          0x2000096c        0x0 c:/program files (x86)/emblocks/1.21/share/em_armgcc/bin/../lib/gcc/arm-none-eabi/4.7.3/../../../../arm-none-eabi/lib/armv7e-m/softfp\libc.a(lib_a-__call_atexit.o)
 .data          0x2000096c        0x0 c:/program files (x86)/emblocks/1.21/share/em_armgcc/bin/../lib/gcc/arm-none-eabi/4.7.3/../../../../arm-none-eabi/lib/armv7e-m/softfp\libc.a(lib_a-atexit.o)
 .data          0x2000096c        0x0 c:/program files (x86)/emblocks/1.21/share/em_armgcc/bin/../lib/gcc/arm-none-eabi/4.7.3/../../../../arm-none-eabi/lib/armv7e-m/softfp\libc.a(lib_a-closer.o)
 .data          0x2000096c        0x0 c:/program files (x86)/emblocks/1.21/share/em_armgcc/bin/../lib/gcc/arm-none-eabi/4.7.3/../../../../arm-none-eabi/lib/armv7e-m/softfp\libc.a(lib_a-fclose.o)
 .data          0x2000096c        0x0 c:/program files (x86)/emblocks/1.21/share/em_armgcc/bin/../lib/gcc/arm-none-eabi/4.7.3/../../../../arm-none-eabi/lib/armv7e-m/softfp\libc.a(lib_a-fflush.o)
 .data          0x2000096c        0x0 c:/program files (x86)/emblocks/1.21/share/em_armgcc/bin/../lib/gcc/arm-none-eabi/4.7.3/../../../../arm-none-eabi/lib/armv7e-m/softfp\libc.a(lib_a-freer.o)
 .data          0x2000096c        0x0 c:/program files (x86)/emblocks/1.21/share/em_armgcc/bin/../lib/gcc/arm-none-eabi/4.7.3/../../../../arm-none-eabi/lib/armv7e-m/softfp\libc.a(lib_a-lseekr.o)
 .data          0x2000096c        0x0 c:/program files (x86)/emblocks/1.21/share/em_armgcc/bin/../lib/gcc/arm-none-eabi/4.7.3/../../../../arm-none-eabi/lib/armv7e-m/softfp\libc.a(lib_a-readr.o)
 .data          0x2000096c        0x0 c:/program files (x86)/emblocks/1.21/share/em_armgcc/bin/../lib/gcc/arm-none-eabi/4.7.3/../../../../arm-none-eabi/lib/armv7e-m/softfp\libc.a(lib_a-reent.o)
 .data          0x2000096c        0x0 c:/program files (x86)/emblocks/1.21/share/em_armgcc/bin/../lib/gcc/arm-none-eabi/4.7.3/../../../../arm-none-eabi/lib/armv7e-m/softfp\libnosys.a(_exit.o)
 .data          0x2000096c        0x0 c:/program files (x86)/emblocks/1.21/share/em_armgcc/bin/../lib/gcc/arm-none-eabi/4.7.3/armv7e-m/softfp/crtend.o
 .data          0x2000096c        0x0 c:/program files (x86)/emblocks/1.21/share/em_armgcc/bin/../lib/gcc/arm-none-eabi/4.7.3/armv7e-m/softfp/crtn.o
                0x2000096c                . = ALIGN (0x4)
                0x2000096c                PROVIDE (__preinit_array_start, .)
 *(.preinit_array)
                0x2000096c                PROVIDE (__preinit_array_end, .)
                0x2000096c                . = ALIGN (0x4)
                0x2000096c                PROVIDE (__init_array_start, .)
 *(SORT(.init_array.*))
 .init_array.00000
                0x2000096c        0x4 c:/program files (x86)/emblocks/1.21/share/em_armgcc/bin/../lib/gcc/arm-none-eabi/4.7.3/../../../../arm-none-eabi/lib/armv7e-m/softfp\libc.a(lib_a-__call_atexit.o)
 *(.init_array)
 .init_array    0x20000970        0x4 c:/program files (x86)/emblocks/1.21/share/em_armgcc/bin/../lib/gcc/arm-none-eabi/4.7.3/armv7e-m/softfp/crtbegin.o
                0x20000974                PROVIDE (__init_array_end, .)
                0x20000974                . = ALIGN (0x4)
                0x20000974                PROVIDE (__fini_array_start, .)
 *(SORT(.fini_array.*))
 *(.fini_array)
 .fini_array    0x20000974        0x4 c:/program files (x86)/emblocks/1.21/share/em_armgcc/bin/../lib/gcc/arm-none-eabi/4.7.3/armv7e-m/softfp/crtbegin.o
                0x20000978                PROVIDE (__fini_array_end, .)
                0x20000978                . = ALIGN (0x4)
                0x20000978                __data_end__ = .

.jcr            0x20000978        0x4 load address 0x08007ef4
 .jcr           0x20000978        0x0 c:/program files (x86)/emblocks/1.21/share/em_armgcc/bin/../lib/gcc/arm-none-eabi/4.7.3/armv7e-m/softfp/crtbegin.o
 .jcr           0x20000978        0x4 c:/program files (x86)/emblocks/1.21/share/em_armgcc/bin/../lib/gcc/arm-none-eabi/4.7.3/armv7e-m/softfp/crtend.o

.igot.plt       0x2000097c        0x0 load address 0x08007ef8
 .igot.plt      0x00000000        0x0 c:/program files (x86)/emblocks/1.21/share/em_armgcc/bin/../lib/gcc/arm-none-eabi/4.7.3/armv7e-m/softfp/crtbegin.o

.bss            0x2000097c     0x87b4 load address 0x08007ef8
                0x2000097c                __bss_start__ = .
 *(.bss*)
 .bss           0x2000097c        0x0 c:/program files (x86)/emblocks/1.21/share/em_armgcc/bin/../lib/gcc/arm-none-eabi/4.7.3/armv7e-m/softfp/crti.o
 .bss           0x2000097c       0x1c c:/program files (x86)/emblocks/1.21/share/em_armgcc/bin/../lib/gcc/arm-none-eabi/4.7.3/armv7e-m/softfp/crtbegin.o
 .bss           0x20000998        0x0 c:/program files (x86)/emblocks/1.21/share/em_armgcc/bin/../lib/gcc/arm-none-eabi/4.7.3/../../../../arm-none-eabi/lib/armv7e-m/softfp/rdimon-crt0.o
 .bss           0x20000998        0x0 obj\debug\audio_if.o
 .bss           0x20000998        0x0 obj\debug\diskio.o
 .bss           0x20000998        0x8 obj\debug\ff.o
 .bss           0x200009a0        0x0 obj\debug\hardware_init.o
 .bss           0x200009a0        0x0 obj\debug\i2c.o
 .bss           0x200009a0        0x0 obj\debug\i2s.o
 .bss           0x200009a0        0x0 obj\debug\interrupts.o
 .bss           0x200009a0      0x470 obj\debug\main.o
                0x200009a0                bWriteBuffer1
                0x200009a1                bWriteBuffer2
                0x200009a2                audioPlaying
                0x200009a3                handleButton
                0x200009a4                debounceCounter
                0x200009a8                handlePress
                0x200009a9                bAudioInit
                0x200009ac                testData
 .bss           0x20000e10        0xc obj\debug\sdcard.o
 .bss           0x20000e1c       0x1c obj\debug\spi_sdcard.o
 .bss           0x20000e38        0x0 obj\debug\startup_stm32f4xx.o
 .bss           0x20000e38        0x0 obj\debug\system_stm32f4xx.o
 .bss           0x20000e38        0x0 obj\debug\usbdisk.o
 .bss           0x20000e38        0x0 c:/program files (x86)/emblocks/1.21/share/em_armgcc/bin/../lib/gcc/arm-none-eabi/4.7.3/../../../../arm-none-eabi/lib/armv7e-m/softfp\librdimon.a(rdimon-syscalls.o)
 .bss.monitor_stdout
                0x20000e38        0x4 c:/program files (x86)/emblocks/1.21/share/em_armgcc/bin/../lib/gcc/arm-none-eabi/4.7.3/../../../../arm-none-eabi/lib/armv7e-m/softfp\librdimon.a(rdimon-syscalls.o)
 .bss.monitor_stdin
                0x20000e3c        0x4 c:/program files (x86)/emblocks/1.21/share/em_armgcc/bin/../lib/gcc/arm-none-eabi/4.7.3/../../../../arm-none-eabi/lib/armv7e-m/softfp\librdimon.a(rdimon-syscalls.o)
 .bss.monitor_stderr
                0x20000e40        0x4 c:/program files (x86)/emblocks/1.21/share/em_armgcc/bin/../lib/gcc/arm-none-eabi/4.7.3/../../../../arm-none-eabi/lib/armv7e-m/softfp\librdimon.a(rdimon-syscalls.o)
 .bss.heap_end.5744
                0x20000e44        0x4 c:/program files (x86)/emblocks/1.21/share/em_armgcc/bin/../lib/gcc/arm-none-eabi/4.7.3/../../../../arm-none-eabi/lib/armv7e-m/softfp\librdimon.a(rdimon-syscalls.o)
 .bss.openfiles
                0x20000e48       0xa0 c:/program files (x86)/emblocks/1.21/share/em_armgcc/bin/../lib/gcc/arm-none-eabi/4.7.3/../../../../arm-none-eabi/lib/armv7e-m/softfp\librdimon.a(rdimon-syscalls.o)
 .bss           0x20000ee8        0x0 c:/program files (x86)/emblocks/1.21/share/em_armgcc/bin/../lib/gcc/arm-none-eabi/4.7.3/../../../../arm-none-eabi/lib/armv7e-m/softfp\libc.a(lib_a-__atexit.o)
 .bss           0x20000ee8        0x0 c:/program files (x86)/emblocks/1.21/share/em_armgcc/bin/../lib/gcc/arm-none-eabi/4.7.3/../../../../arm-none-eabi/lib/armv7e-m/softfp\libc.a(lib_a-errno.o)
 .bss           0x20000ee8        0x0 c:/program files (x86)/emblocks/1.21/share/em_armgcc/bin/../lib/gcc/arm-none-eabi/4.7.3/../../../../arm-none-eabi/lib/armv7e-m/softfp\libc.a(lib_a-exit.o)
 .bss           0x20000ee8        0x0 c:/program files (x86)/emblocks/1.21/share/em_armgcc/bin/../lib/gcc/arm-none-eabi/4.7.3/../../../../arm-none-eabi/lib/armv7e-m/softfp\libc.a(lib_a-findfp.o)
 .bss           0x20000ee8        0x0 c:/program files (x86)/emblocks/1.21/share/em_armgcc/bin/../lib/gcc/arm-none-eabi/4.7.3/../../../../arm-none-eabi/lib/armv7e-m/softfp\libc.a(lib_a-fini.o)
 .bss           0x20000ee8        0x0 c:/program files (x86)/emblocks/1.21/share/em_armgcc/bin/../lib/gcc/arm-none-eabi/4.7.3/../../../../arm-none-eabi/lib/armv7e-m/softfp\libc.a(lib_a-fwalk.o)
 .bss           0x20000ee8        0x0 c:/program files (x86)/emblocks/1.21/share/em_armgcc/bin/../lib/gcc/arm-none-eabi/4.7.3/../../../../arm-none-eabi/lib/armv7e-m/softfp\libc.a(lib_a-impure.o)
 .bss           0x20000ee8        0x0 c:/program files (x86)/emblocks/1.21/share/em_armgcc/bin/../lib/gcc/arm-none-eabi/4.7.3/../../../../arm-none-eabi/lib/armv7e-m/softfp\libc.a(lib_a-init.o)
 .bss           0x20000ee8        0x0 c:/program files (x86)/emblocks/1.21/share/em_armgcc/bin/../lib/gcc/arm-none-eabi/4.7.3/../../../../arm-none-eabi/lib/armv7e-m/softfp\libc.a(lib_a-mallocr.o)
 .bss.__malloc_max_total_mem
                0x20000ee8        0x4 c:/program files (x86)/emblocks/1.21/share/em_armgcc/bin/../lib/gcc/arm-none-eabi/4.7.3/../../../../arm-none-eabi/lib/armv7e-m/softfp\libc.a(lib_a-mallocr.o)
                0x20000ee8                __malloc_max_total_mem
 .bss.__malloc_max_sbrked_mem
                0x20000eec        0x4 c:/program files (x86)/emblocks/1.21/share/em_armgcc/bin/../lib/gcc/arm-none-eabi/4.7.3/../../../../arm-none-eabi/lib/armv7e-m/softfp\libc.a(lib_a-mallocr.o)
                0x20000eec                __malloc_max_sbrked_mem
 .bss.__malloc_top_pad
                0x20000ef0        0x4 c:/program files (x86)/emblocks/1.21/share/em_armgcc/bin/../lib/gcc/arm-none-eabi/4.7.3/../../../../arm-none-eabi/lib/armv7e-m/softfp\libc.a(lib_a-mallocr.o)
                0x20000ef0                __malloc_top_pad
 .bss.__malloc_current_mallinfo
                0x20000ef4       0x28 c:/program files (x86)/emblocks/1.21/share/em_armgcc/bin/../lib/gcc/arm-none-eabi/4.7.3/../../../../arm-none-eabi/lib/armv7e-m/softfp\libc.a(lib_a-mallocr.o)
                0x20000ef4                __malloc_current_mallinfo
 .bss           0x20000f1c        0x0 c:/program files (x86)/emblocks/1.21/share/em_armgcc/bin/../lib/gcc/arm-none-eabi/4.7.3/../../../../arm-none-eabi/lib/armv7e-m/softfp\libc.a(lib_a-memset.o)
 .bss           0x20000f1c        0x0 c:/program files (x86)/emblocks/1.21/share/em_armgcc/bin/../lib/gcc/arm-none-eabi/4.7.3/../../../../arm-none-eabi/lib/armv7e-m/softfp\libc.a(lib_a-mlock.o)
 .bss           0x20000f1c        0x0 c:/program files (x86)/emblocks/1.21/share/em_armgcc/bin/../lib/gcc/arm-none-eabi/4.7.3/../../../../arm-none-eabi/lib/armv7e-m/softfp\libc.a(lib_a-sbrkr.o)
 .bss           0x20000f1c        0x0 c:/program files (x86)/emblocks/1.21/share/em_armgcc/bin/../lib/gcc/arm-none-eabi/4.7.3/../../../../arm-none-eabi/lib/armv7e-m/softfp\libc.a(lib_a-stdio.o)
 .bss           0x20000f1c        0x0 c:/program files (x86)/emblocks/1.21/share/em_armgcc/bin/../lib/gcc/arm-none-eabi/4.7.3/../../../../arm-none-eabi/lib/armv7e-m/softfp\libc.a(lib_a-strlen.o)
 .bss           0x20000f1c        0x0 c:/program files (x86)/emblocks/1.21/share/em_armgcc/bin/../lib/gcc/arm-none-eabi/4.7.3/../../../../arm-none-eabi/lib/armv7e-m/softfp\libc.a(lib_a-writer.o)
 .bss           0x20000f1c        0x0 c:/program files (x86)/emblocks/1.21/share/em_armgcc/bin/../lib/gcc/arm-none-eabi/4.7.3/../../../../arm-none-eabi/lib/armv7e-m/softfp\libc.a(lib_a-__call_atexit.o)
 .bss           0x20000f1c        0x0 c:/program files (x86)/emblocks/1.21/share/em_armgcc/bin/../lib/gcc/arm-none-eabi/4.7.3/../../../../arm-none-eabi/lib/armv7e-m/softfp\libc.a(lib_a-atexit.o)
 .bss           0x20000f1c        0x0 c:/program files (x86)/emblocks/1.21/share/em_armgcc/bin/../lib/gcc/arm-none-eabi/4.7.3/../../../../arm-none-eabi/lib/armv7e-m/softfp\libc.a(lib_a-closer.o)
 .bss           0x20000f1c        0x0 c:/program files (x86)/emblocks/1.21/share/em_armgcc/bin/../lib/gcc/arm-none-eabi/4.7.3/../../../../arm-none-eabi/lib/armv7e-m/softfp\libc.a(lib_a-fclose.o)
 .bss           0x20000f1c        0x0 c:/program files (x86)/emblocks/1.21/share/em_armgcc/bin/../lib/gcc/arm-none-eabi/4.7.3/../../../../arm-none-eabi/lib/armv7e-m/softfp\libc.a(lib_a-fflush.o)
 .bss           0x20000f1c        0x0 c:/program files (x86)/emblocks/1.21/share/em_armgcc/bin/../lib/gcc/arm-none-eabi/4.7.3/../../../../arm-none-eabi/lib/armv7e-m/softfp\libc.a(lib_a-freer.o)
 .bss           0x20000f1c        0x0 c:/program files (x86)/emblocks/1.21/share/em_armgcc/bin/../lib/gcc/arm-none-eabi/4.7.3/../../../../arm-none-eabi/lib/armv7e-m/softfp\libc.a(lib_a-lseekr.o)
 .bss           0x20000f1c        0x0 c:/program files (x86)/emblocks/1.21/share/em_armgcc/bin/../lib/gcc/arm-none-eabi/4.7.3/../../../../arm-none-eabi/lib/armv7e-m/softfp\libc.a(lib_a-readr.o)
 .bss           0x20000f1c        0x0 c:/program files (x86)/emblocks/1.21/share/em_armgcc/bin/../lib/gcc/arm-none-eabi/4.7.3/../../../../arm-none-eabi/lib/armv7e-m/softfp\libc.a(lib_a-reent.o)
 .bss           0x20000f1c        0x0 c:/program files (x86)/emblocks/1.21/share/em_armgcc/bin/../lib/gcc/arm-none-eabi/4.7.3/../../../../arm-none-eabi/lib/armv7e-m/softfp\libnosys.a(_exit.o)
 .bss           0x20000f1c        0x0 c:/program files (x86)/emblocks/1.21/share/em_armgcc/bin/../lib/gcc/arm-none-eabi/4.7.3/armv7e-m/softfp/crtend.o
 .bss           0x20000f1c        0x0 c:/program files (x86)/emblocks/1.21/share/em_armgcc/bin/../lib/gcc/arm-none-eabi/4.7.3/armv7e-m/softfp/crtn.o
 *(COMMON)
 COMMON         0x20000f1c     0x8204 obj\debug\main.o
                0x20000f1c                headerBuffer
                0x2000111c                audioBuffer1
                0x2000511c                fr
                0x20005120                audioBuffer2
 COMMON         0x20009120        0x0 obj\debug\sdcard.o
 COMMON         0x20009120        0xc obj\debug\spi_sdcard.o
                0x20009120                sdCmd
 COMMON         0x2000912c        0x4 c:/program files (x86)/emblocks/1.21/share/em_armgcc/bin/../lib/gcc/arm-none-eabi/4.7.3/../../../../arm-none-eabi/lib/armv7e-m/softfp\libc.a(lib_a-reent.o)
                0x2000912c                errno
                0x20009130                __bss_end__ = .

.heap           0x20009130        0x0
                0x20009130                __end__ = .
                0x20009130                end = __end__
 *(.heap*)
 .heap          0x20009130        0x0 obj\debug\startup_stm32f4xx.o
                0x20009130                __HeapLimit = .

.stack_dummy    0x20009130      0x100
 *(.stack)
 .stack         0x20009130      0x100 obj\debug\startup_stm32f4xx.o
                0x20020000                __StackTop = (ORIGIN (RAM) + 0x20000)
                0x2001ff00                __StackLimit = (__StackTop - SIZEOF (.stack_dummy))
                0x20020000                PROVIDE (__stack, __StackTop)
                0x00000001                ASSERT ((__StackLimit >= __HeapLimit), region RAM overflowed with stack)
LOAD obj\debug\audio_if.o
LOAD obj\debug\diskio.o
LOAD obj\debug\ff.o
LOAD obj\debug\hardware_init.o
LOAD obj\debug\i2c.o
LOAD obj\debug\i2s.o
LOAD obj\debug\interrupts.o
LOAD obj\debug\main.o
LOAD obj\debug\sdcard.o
LOAD obj\debug\spi_sdcard.o
LOAD obj\debug\startup_stm32f4xx.o
LOAD obj\debug\system_stm32f4xx.o
LOAD obj\debug\usbdisk.o
LOAD c:/program files (x86)/emblocks/1.21/share/em_armgcc/bin/../lib/gcc/arm-none-eabi/4.7.3/../../../../arm-none-eabi/lib/armv7e-m/softfp\librdimon.a
START GROUP
LOAD c:/program files (x86)/emblocks/1.21/share/em_armgcc/bin/../lib/gcc/arm-none-eabi/4.7.3/armv7e-m/softfp\libgcc.a
LOAD c:/program files (x86)/emblocks/1.21/share/em_armgcc/bin/../lib/gcc/arm-none-eabi/4.7.3/../../../../arm-none-eabi/lib/armv7e-m/softfp\libc.a
LOAD c:/program files (x86)/emblocks/1.21/share/em_armgcc/bin/../lib/gcc/arm-none-eabi/4.7.3/../../../../arm-none-eabi/lib/armv7e-m/softfp\libg.a
LOAD c:/program files (x86)/emblocks/1.21/share/em_armgcc/bin/../lib/gcc/arm-none-eabi/4.7.3/../../../../arm-none-eabi/lib/armv7e-m/softfp\libm.a
LOAD c:/program files (x86)/emblocks/1.21/share/em_armgcc/bin/../lib/gcc/arm-none-eabi/4.7.3/../../../../arm-none-eabi/lib/armv7e-m/softfp\libnosys.a
END GROUP
LOAD c:/program files (x86)/emblocks/1.21/share/em_armgcc/bin/../lib/gcc/arm-none-eabi/4.7.3/armv7e-m/softfp/crtend.o
LOAD c:/program files (x86)/emblocks/1.21/share/em_armgcc/bin/../lib/gcc/arm-none-eabi/4.7.3/armv7e-m/softfp/crtn.o
OUTPUT(bin\Debug\STM32F4_Audio.elf elf32-littlearm)

.ARM.attributes
                0x00000000       0x2e
 .ARM.attributes
                0x00000000       0x22 c:/program files (x86)/emblocks/1.21/share/em_armgcc/bin/../lib/gcc/arm-none-eabi/4.7.3/armv7e-m/softfp/crti.o
 .ARM.attributes
                0x00000022       0x32 c:/program files (x86)/emblocks/1.21/share/em_armgcc/bin/../lib/gcc/arm-none-eabi/4.7.3/armv7e-m/softfp/crtbegin.o
 .ARM.attributes
                0x00000054       0x20 c:/program files (x86)/emblocks/1.21/share/em_armgcc/bin/../lib/gcc/arm-none-eabi/4.7.3/../../../../arm-none-eabi/lib/armv7e-m/softfp/rdimon-crt0.o
 .ARM.attributes
                0x00000074       0x37 obj\debug\audio_if.o
 .ARM.attributes
                0x000000ab       0x37 obj\debug\diskio.o
 .ARM.attributes
                0x000000e2       0x37 obj\debug\ff.o
 .ARM.attributes
                0x00000119       0x37 obj\debug\hardware_init.o
 .ARM.attributes
                0x00000150       0x37 obj\debug\i2c.o
 .ARM.attributes
                0x00000187       0x37 obj\debug\i2s.o
 .ARM.attributes
                0x000001be       0x37 obj\debug\interrupts.o
 .ARM.attributes
                0x000001f5       0x37 obj\debug\main.o
 .ARM.attributes
                0x0000022c       0x37 obj\debug\sdcard.o
 .ARM.attributes
                0x00000263       0x37 obj\debug\spi_sdcard.o
 .ARM.attributes
                0x0000029a       0x1f obj\debug\startup_stm32f4xx.o
 .ARM.attributes
                0x000002b9       0x37 obj\debug\system_stm32f4xx.o
 .ARM.attributes
                0x000002f0       0x37 obj\debug\usbdisk.o
 .ARM.attributes
                0x00000327       0x32 c:/program files (x86)/emblocks/1.21/share/em_armgcc/bin/../lib/gcc/arm-none-eabi/4.7.3/../../../../arm-none-eabi/lib/armv7e-m/softfp\librdimon.a(rdimon-syscalls.o)
 .ARM.attributes
                0x00000359       0x32 c:/program files (x86)/emblocks/1.21/share/em_armgcc/bin/../lib/gcc/arm-none-eabi/4.7.3/../../../../arm-none-eabi/lib/armv7e-m/softfp\libc.a(lib_a-__atexit.o)
 .ARM.attributes
                0x0000038b       0x32 c:/program files (x86)/emblocks/1.21/share/em_armgcc/bin/../lib/gcc/arm-none-eabi/4.7.3/../../../../arm-none-eabi/lib/armv7e-m/softfp\libc.a(lib_a-errno.o)
 .ARM.attributes
                0x000003bd       0x32 c:/program files (x86)/emblocks/1.21/share/em_armgcc/bin/../lib/gcc/arm-none-eabi/4.7.3/../../../../arm-none-eabi/lib/armv7e-m/softfp\libc.a(lib_a-exit.o)
 .ARM.attributes
                0x000003ef       0x32 c:/program files (x86)/emblocks/1.21/share/em_armgcc/bin/../lib/gcc/arm-none-eabi/4.7.3/../../../../arm-none-eabi/lib/armv7e-m/softfp\libc.a(lib_a-findfp.o)
 .ARM.attributes
                0x00000421       0x32 c:/program files (x86)/emblocks/1.21/share/em_armgcc/bin/../lib/gcc/arm-none-eabi/4.7.3/../../../../arm-none-eabi/lib/armv7e-m/softfp\libc.a(lib_a-fini.o)
 .ARM.attributes
                0x00000453       0x32 c:/program files (x86)/emblocks/1.21/share/em_armgcc/bin/../lib/gcc/arm-none-eabi/4.7.3/../../../../arm-none-eabi/lib/armv7e-m/softfp\libc.a(lib_a-fwalk.o)
 .ARM.attributes
                0x00000485       0x32 c:/program files (x86)/emblocks/1.21/share/em_armgcc/bin/../lib/gcc/arm-none-eabi/4.7.3/../../../../arm-none-eabi/lib/armv7e-m/softfp\libc.a(lib_a-impure.o)
 .ARM.attributes
                0x000004b7       0x32 c:/program files (x86)/emblocks/1.21/share/em_armgcc/bin/../lib/gcc/arm-none-eabi/4.7.3/../../../../arm-none-eabi/lib/armv7e-m/softfp\libc.a(lib_a-init.o)
 .ARM.attributes
                0x000004e9       0x32 c:/program files (x86)/emblocks/1.21/share/em_armgcc/bin/../lib/gcc/arm-none-eabi/4.7.3/../../../../arm-none-eabi/lib/armv7e-m/softfp\libc.a(lib_a-mallocr.o)
 .ARM.attributes
                0x0000051b       0x32 c:/program files (x86)/emblocks/1.21/share/em_armgcc/bin/../lib/gcc/arm-none-eabi/4.7.3/../../../../arm-none-eabi/lib/armv7e-m/softfp\libc.a(lib_a-memset.o)
 .ARM.attributes
                0x0000054d       0x32 c:/program files (x86)/emblocks/1.21/share/em_armgcc/bin/../lib/gcc/arm-none-eabi/4.7.3/../../../../arm-none-eabi/lib/armv7e-m/softfp\libc.a(lib_a-mlock.o)
 .ARM.attributes
                0x0000057f       0x32 c:/program files (x86)/emblocks/1.21/share/em_armgcc/bin/../lib/gcc/arm-none-eabi/4.7.3/../../../../arm-none-eabi/lib/armv7e-m/softfp\libc.a(lib_a-sbrkr.o)
 .ARM.attributes
                0x000005b1       0x32 c:/program files (x86)/emblocks/1.21/share/em_armgcc/bin/../lib/gcc/arm-none-eabi/4.7.3/../../../../arm-none-eabi/lib/armv7e-m/softfp\libc.a(lib_a-stdio.o)
 .ARM.attributes
                0x000005e3       0x32 c:/program files (x86)/emblocks/1.21/share/em_armgcc/bin/../lib/gcc/arm-none-eabi/4.7.3/../../../../arm-none-eabi/lib/armv7e-m/softfp\libc.a(lib_a-strlen.o)
 .ARM.attributes
                0x00000615       0x32 c:/program files (x86)/emblocks/1.21/share/em_armgcc/bin/../lib/gcc/arm-none-eabi/4.7.3/../../../../arm-none-eabi/lib/armv7e-m/softfp\libc.a(lib_a-writer.o)
 .ARM.attributes
                0x00000647       0x32 c:/program files (x86)/emblocks/1.21/share/em_armgcc/bin/../lib/gcc/arm-none-eabi/4.7.3/../../../../arm-none-eabi/lib/armv7e-m/softfp\libc.a(lib_a-__call_atexit.o)
 .ARM.attributes
                0x00000679       0x32 c:/program files (x86)/emblocks/1.21/share/em_armgcc/bin/../lib/gcc/arm-none-eabi/4.7.3/../../../../arm-none-eabi/lib/armv7e-m/softfp\libc.a(lib_a-atexit.o)
 .ARM.attributes
                0x000006ab       0x32 c:/program files (x86)/emblocks/1.21/share/em_armgcc/bin/../lib/gcc/arm-none-eabi/4.7.3/../../../../arm-none-eabi/lib/armv7e-m/softfp\libc.a(lib_a-closer.o)
 .ARM.attributes
                0x000006dd       0x32 c:/program files (x86)/emblocks/1.21/share/em_armgcc/bin/../lib/gcc/arm-none-eabi/4.7.3/../../../../arm-none-eabi/lib/armv7e-m/softfp\libc.a(lib_a-fclose.o)
 .ARM.attributes
                0x0000070f       0x32 c:/program files (x86)/emblocks/1.21/share/em_armgcc/bin/../lib/gcc/arm-none-eabi/4.7.3/../../../../arm-none-eabi/lib/armv7e-m/softfp\libc.a(lib_a-fflush.o)
 .ARM.attributes
                0x00000741       0x32 c:/program files (x86)/emblocks/1.21/share/em_armgcc/bin/../lib/gcc/arm-none-eabi/4.7.3/../../../../arm-none-eabi/lib/armv7e-m/softfp\libc.a(lib_a-freer.o)
 .ARM.attributes
                0x00000773       0x32 c:/program files (x86)/emblocks/1.21/share/em_armgcc/bin/../lib/gcc/arm-none-eabi/4.7.3/../../../../arm-none-eabi/lib/armv7e-m/softfp\libc.a(lib_a-lseekr.o)
 .ARM.attributes
                0x000007a5       0x32 c:/program files (x86)/emblocks/1.21/share/em_armgcc/bin/../lib/gcc/arm-none-eabi/4.7.3/../../../../arm-none-eabi/lib/armv7e-m/softfp\libc.a(lib_a-readr.o)
 .ARM.attributes
                0x000007d7       0x32 c:/program files (x86)/emblocks/1.21/share/em_armgcc/bin/../lib/gcc/arm-none-eabi/4.7.3/../../../../arm-none-eabi/lib/armv7e-m/softfp\libc.a(lib_a-reent.o)
 .ARM.attributes
                0x00000809       0x32 c:/program files (x86)/emblocks/1.21/share/em_armgcc/bin/../lib/gcc/arm-none-eabi/4.7.3/../../../../arm-none-eabi/lib/armv7e-m/softfp\libnosys.a(_exit.o)
 .ARM.attributes
                0x0000083b       0x32 c:/program files (x86)/emblocks/1.21/share/em_armgcc/bin/../lib/gcc/arm-none-eabi/4.7.3/armv7e-m/softfp/crtend.o
 .ARM.attributes
                0x0000086d       0x22 c:/program files (x86)/emblocks/1.21/share/em_armgcc/bin/../lib/gcc/arm-none-eabi/4.7.3/armv7e-m/softfp/crtn.o

.comment        0x00000000       0x4e
 .comment       0x00000000       0x4e obj\debug\audio_if.o
                                 0x4f (size before relaxing)
 .comment       0x00000000       0x4f obj\debug\diskio.o
 .comment       0x00000000       0x4f obj\debug\ff.o
 .comment       0x00000000       0x4f obj\debug\hardware_init.o
 .comment       0x00000000       0x4f obj\debug\i2c.o
 .comment       0x00000000       0x4f obj\debug\i2s.o
 .comment       0x00000000       0x4f obj\debug\interrupts.o
 .comment       0x00000000       0x4f obj\debug\main.o
 .comment       0x00000000       0x4f obj\debug\sdcard.o
 .comment       0x00000000       0x4f obj\debug\spi_sdcard.o
 .comment       0x00000000       0x4f obj\debug\system_stm32f4xx.o
 .comment       0x00000000       0x4f obj\debug\usbdisk.o

.debug_info     0x00000000     0x4db3
 .debug_info    0x00000000      0x342 obj\debug\audio_if.o
 .debug_info    0x00000342      0x2a5 obj\debug\diskio.o
 .debug_info    0x000005e7     0x18f4 obj\debug\ff.o
 .debug_info    0x00001edb      0xd73 obj\debug\hardware_init.o
 .debug_info    0x00002c4e      0x289 obj\debug\i2c.o
 .debug_info    0x00002ed7      0x1e8 obj\debug\i2s.o
 .debug_info    0x000030bf       0x21 obj\debug\interrupts.o
 .debug_info    0x000030e0      0xc0c obj\debug\main.o
 .debug_info    0x00003cec      0x27f obj\debug\sdcard.o
 .debug_info    0x00003f6b      0x61c obj\debug\spi_sdcard.o
 .debug_info    0x00004587       0x6e obj\debug\startup_stm32f4xx.o
 .debug_info    0x000045f5      0x5f9 obj\debug\system_stm32f4xx.o
 .debug_info    0x00004bee      0x1c5 obj\debug\usbdisk.o

.debug_abbrev   0x00000000      0xc81
 .debug_abbrev  0x00000000       0xec obj\debug\audio_if.o
 .debug_abbrev  0x000000ec       0xbf obj\debug\diskio.o
 .debug_abbrev  0x000001ab      0x1bc obj\debug\ff.o
 .debug_abbrev  0x00000367      0x109 obj\debug\hardware_init.o
 .debug_abbrev  0x00000470       0xd8 obj\debug\i2c.o
 .debug_abbrev  0x00000548       0xa2 obj\debug\i2s.o
 .debug_abbrev  0x000005ea       0x13 obj\debug\interrupts.o
 .debug_abbrev  0x000005fd      0x18a obj\debug\main.o
 .debug_abbrev  0x00000787      0x10f obj\debug\sdcard.o
 .debug_abbrev  0x00000896      0x1de obj\debug\spi_sdcard.o
 .debug_abbrev  0x00000a74       0x14 obj\debug\startup_stm32f4xx.o
 .debug_abbrev  0x00000a88      0x13b obj\debug\system_stm32f4xx.o
 .debug_abbrev  0x00000bc3       0xbe obj\debug\usbdisk.o

.debug_loc      0x00000000     0x1398
 .debug_loc     0x00000000       0xf4 obj\debug\audio_if.o
 .debug_loc     0x000000f4      0x118 obj\debug\diskio.o
 .debug_loc     0x0000020c      0xa50 obj\debug\ff.o
 .debug_loc     0x00000c5c       0x64 obj\debug\hardware_init.o
 .debug_loc     0x00000cc0       0xa8 obj\debug\i2c.o
 .debug_loc     0x00000d68       0x2c obj\debug\i2s.o
 .debug_loc     0x00000d94      0x1b0 obj\debug\main.o
 .debug_loc     0x00000f44      0x118 obj\debug\sdcard.o
 .debug_loc     0x0000105c      0x188 obj\debug\spi_sdcard.o
 .debug_loc     0x000011e4       0x9c obj\debug\system_stm32f4xx.o
 .debug_loc     0x00001280      0x118 obj\debug\usbdisk.o

.debug_aranges  0x00000000      0x198
 .debug_aranges
                0x00000000       0x20 obj\debug\audio_if.o
 .debug_aranges
                0x00000020       0x20 obj\debug\diskio.o
 .debug_aranges
                0x00000040       0x20 obj\debug\ff.o
 .debug_aranges
                0x00000060       0x20 obj\debug\hardware_init.o
 .debug_aranges
                0x00000080       0x20 obj\debug\i2c.o
 .debug_aranges
                0x000000a0       0x20 obj\debug\i2s.o
 .debug_aranges
                0x000000c0       0x18 obj\debug\interrupts.o
 .debug_aranges
                0x000000d8       0x20 obj\debug\main.o
 .debug_aranges
                0x000000f8       0x20 obj\debug\sdcard.o
 .debug_aranges
                0x00000118       0x20 obj\debug\spi_sdcard.o
 .debug_aranges
                0x00000138       0x20 obj\debug\startup_stm32f4xx.o
 .debug_aranges
                0x00000158       0x20 obj\debug\system_stm32f4xx.o
 .debug_aranges
                0x00000178       0x20 obj\debug\usbdisk.o

.debug_macro    0x00000000     0xa974
 .debug_macro   0x00000000       0xe6 obj\debug\audio_if.o
 .debug_macro   0x000000e6      0x81a obj\debug\audio_if.o
 .debug_macro   0x00000900       0x5d obj\debug\audio_if.o
 .debug_macro   0x0000095d       0x3b obj\debug\audio_if.o
 .debug_macro   0x00000998       0x3a obj\debug\audio_if.o
 .debug_macro   0x000009d2       0x10 obj\debug\audio_if.o
 .debug_macro   0x000009e2       0x2e obj\debug\audio_if.o
 .debug_macro   0x00000a10       0xa2 obj\debug\audio_if.o
 .debug_macro   0x00000ab2      0x20e obj\debug\audio_if.o
 .debug_macro   0x00000cc0       0x18 obj\debug\audio_if.o
 .debug_macro   0x00000cd8       0x42 obj\debug\audio_if.o
 .debug_macro   0x00000d1a      0xd39 obj\debug\audio_if.o
 .debug_macro   0x00001a53     0x81f4 obj\debug\audio_if.o
 .debug_macro   0x00009c47       0x22 obj\debug\audio_if.o
 .debug_macro   0x00009c69       0x2e obj\debug\audio_if.o
 .debug_macro   0x00009c97       0x60 obj\debug\diskio.o
 .debug_macro   0x00009cf7       0x9a obj\debug\diskio.o
 .debug_macro   0x00009d91      0x276 obj\debug\ff.o
 .debug_macro   0x0000a007       0x97 obj\debug\ff.o
 .debug_macro   0x0000a09e       0xee obj\debug\ff.o
 .debug_macro   0x0000a18c       0xa0 obj\debug\ff.o
 .debug_macro   0x0000a22c       0xc5 obj\debug\hardware_init.o
 .debug_macro   0x0000a2f1       0x22 obj\debug\hardware_init.o
 .debug_macro   0x0000a313       0xcd obj\debug\i2c.o
 .debug_macro   0x0000a3e0       0xc8 obj\debug\i2s.o
 .debug_macro   0x0000a4a8       0x28 obj\debug\i2s.o
 .debug_macro   0x0000a4d0       0x28 obj\debug\i2s.o
 .debug_macro   0x0000a4f8       0x11 obj\debug\interrupts.o
 .debug_macro   0x0000a509      0x123 obj\debug\main.o
 .debug_macro   0x0000a62c       0x28 obj\debug\main.o
 .debug_macro   0x0000a654       0x22 obj\debug\main.o
 .debug_macro   0x0000a676       0xea obj\debug\sdcard.o
 .debug_macro   0x0000a760       0x28 obj\debug\sdcard.o
 .debug_macro   0x0000a788       0xe6 obj\debug\spi_sdcard.o
 .debug_macro   0x0000a86e       0xdd obj\debug\system_stm32f4xx.o
 .debug_macro   0x0000a94b       0x29 obj\debug\usbdisk.o

.debug_line     0x00000000     0x2b4a
 .debug_line    0x00000000      0x38f obj\debug\audio_if.o
 .debug_line    0x0000038f       0xbc obj\debug\diskio.o
 .debug_line    0x0000044b      0xa4e obj\debug\ff.o
 .debug_line    0x00000e99      0x387 obj\debug\hardware_init.o
 .debug_line    0x00001220      0x3f3 obj\debug\i2c.o
 .debug_line    0x00001613      0x346 obj\debug\i2s.o
 .debug_line    0x00001959       0x31 obj\debug\interrupts.o
 .debug_line    0x0000198a      0x441 obj\debug\main.o
 .debug_line    0x00001dcb      0x3a9 obj\debug\sdcard.o
 .debug_line    0x00002174      0x513 obj\debug\spi_sdcard.o
 .debug_line    0x00002687       0xbc obj\debug\startup_stm32f4xx.o
 .debug_line    0x00002743      0x397 obj\debug\system_stm32f4xx.o
 .debug_line    0x00002ada       0x70 obj\debug\usbdisk.o

.debug_str      0x00000000    0x38049
 .debug_str     0x00000000    0x35f9a obj\debug\audio_if.o
                              0x3604f (size before relaxing)
 .debug_str     0x00035f9a      0x242 obj\debug\diskio.o
                               0x254a (size before relaxing)
 .debug_str     0x000361dc     0x1113 obj\debug\ff.o
                               0x3613 (size before relaxing)
 .debug_str     0x000372ef      0x7bd obj\debug\hardware_init.o
                              0x3662b (size before relaxing)
 .debug_str     0x00037aac       0x3e obj\debug\i2c.o
                              0x35eed (size before relaxing)
 .debug_str     0x00037aea       0x12 obj\debug\i2s.o
                              0x35fac (size before relaxing)
 .debug_str     0x00037afc       0x11 obj\debug\interrupts.o
                               0x226a (size before relaxing)
 .debug_str     0x00037b0d      0x203 obj\debug\main.o
                              0x36bea (size before relaxing)
 .debug_str     0x00037d10       0x8d obj\debug\sdcard.o
                              0x360ae (size before relaxing)
 .debug_str     0x00037d9d       0xe7 obj\debug\spi_sdcard.o
                              0x361f3 (size before relaxing)
 .debug_str     0x00037e84      0x167 obj\debug\system_stm32f4xx.o
                              0x3601d (size before relaxing)
 .debug_str     0x00037feb       0x5e obj\debug\usbdisk.o
                               0x234a (size before relaxing)

.debug_frame    0x00000000     0x148c
 .debug_frame   0x00000000       0xa4 obj\debug\audio_if.o
 .debug_frame   0x000000a4       0xb0 obj\debug\diskio.o
 .debug_frame   0x00000154      0x5c0 obj\debug\ff.o
 .debug_frame   0x00000714       0x48 obj\debug\hardware_init.o
 .debug_frame   0x0000075c       0x64 obj\debug\i2c.o
 .debug_frame   0x000007c0       0x28 obj\debug\i2s.o
 .debug_frame   0x000007e8       0xf8 obj\debug\main.o
 .debug_frame   0x000008e0       0xa4 obj\debug\sdcard.o
 .debug_frame   0x00000984       0xe0 obj\debug\spi_sdcard.o
 .debug_frame   0x00000a64       0x64 obj\debug\system_stm32f4xx.o
 .debug_frame   0x00000ac8       0x9c obj\debug\usbdisk.o
 .debug_frame   0x00000b64      0x2fc c:/program files (x86)/emblocks/1.21/share/em_armgcc/bin/../lib/gcc/arm-none-eabi/4.7.3/../../../../arm-none-eabi/lib/armv7e-m/softfp\librdimon.a(rdimon-syscalls.o)
 .debug_frame   0x00000e60       0x34 c:/program files (x86)/emblocks/1.21/share/em_armgcc/bin/../lib/gcc/arm-none-eabi/4.7.3/../../../../arm-none-eabi/lib/armv7e-m/softfp\libc.a(lib_a-__atexit.o)
 .debug_frame   0x00000e94       0x20 c:/program files (x86)/emblocks/1.21/share/em_armgcc/bin/../lib/gcc/arm-none-eabi/4.7.3/../../../../arm-none-eabi/lib/armv7e-m/softfp\libc.a(lib_a-errno.o)
 .debug_frame   0x00000eb4       0x28 c:/program files (x86)/emblocks/1.21/share/em_armgcc/bin/../lib/gcc/arm-none-eabi/4.7.3/../../../../arm-none-eabi/lib/armv7e-m/softfp\libc.a(lib_a-exit.o)
 .debug_frame   0x00000edc      0x11c c:/program files (x86)/emblocks/1.21/share/em_armgcc/bin/../lib/gcc/arm-none-eabi/4.7.3/../../../../arm-none-eabi/lib/armv7e-m/softfp\libc.a(lib_a-findfp.o)
 .debug_frame   0x00000ff8       0x2c c:/program files (x86)/emblocks/1.21/share/em_armgcc/bin/../lib/gcc/arm-none-eabi/4.7.3/../../../../arm-none-eabi/lib/armv7e-m/softfp\libc.a(lib_a-fini.o)
 .debug_frame   0x00001024       0x54 c:/program files (x86)/emblocks/1.21/share/em_armgcc/bin/../lib/gcc/arm-none-eabi/4.7.3/../../../../arm-none-eabi/lib/armv7e-m/softfp\libc.a(lib_a-fwalk.o)
 .debug_frame   0x00001078       0x2c c:/program files (x86)/emblocks/1.21/share/em_armgcc/bin/../lib/gcc/arm-none-eabi/4.7.3/../../../../arm-none-eabi/lib/armv7e-m/softfp\libc.a(lib_a-init.o)
 .debug_frame   0x000010a4       0x38 c:/program files (x86)/emblocks/1.21/share/em_armgcc/bin/../lib/gcc/arm-none-eabi/4.7.3/../../../../arm-none-eabi/lib/armv7e-m/softfp\libc.a(lib_a-mallocr.o)
 .debug_frame   0x000010dc       0x2c c:/program files (x86)/emblocks/1.21/share/em_armgcc/bin/../lib/gcc/arm-none-eabi/4.7.3/../../../../arm-none-eabi/lib/armv7e-m/softfp\libc.a(lib_a-memset.o)
 .debug_frame   0x00001108       0x30 c:/program files (x86)/emblocks/1.21/share/em_armgcc/bin/../lib/gcc/arm-none-eabi/4.7.3/../../../../arm-none-eabi/lib/armv7e-m/softfp\libc.a(lib_a-mlock.o)
 .debug_frame   0x00001138       0x2c c:/program files (x86)/emblocks/1.21/share/em_armgcc/bin/../lib/gcc/arm-none-eabi/4.7.3/../../../../arm-none-eabi/lib/armv7e-m/softfp\libc.a(lib_a-sbrkr.o)
 .debug_frame   0x00001164       0x80 c:/program files (x86)/emblocks/1.21/share/em_armgcc/bin/../lib/gcc/arm-none-eabi/4.7.3/../../../../arm-none-eabi/lib/armv7e-m/softfp\libc.a(lib_a-stdio.o)
 .debug_frame   0x000011e4       0x20 c:/program files (x86)/emblocks/1.21/share/em_armgcc/bin/../lib/gcc/arm-none-eabi/4.7.3/../../../../arm-none-eabi/lib/armv7e-m/softfp\libc.a(lib_a-strlen.o)
 .debug_frame   0x00001204       0x2c c:/program files (x86)/emblocks/1.21/share/em_armgcc/bin/../lib/gcc/arm-none-eabi/4.7.3/../../../../arm-none-eabi/lib/armv7e-m/softfp\libc.a(lib_a-writer.o)
 .debug_frame   0x00001230       0x48 c:/program files (x86)/emblocks/1.21/share/em_armgcc/bin/../lib/gcc/arm-none-eabi/4.7.3/../../../../arm-none-eabi/lib/armv7e-m/softfp\libc.a(lib_a-__call_atexit.o)
 .debug_frame   0x00001278       0x20 c:/program files (x86)/emblocks/1.21/share/em_armgcc/bin/../lib/gcc/arm-none-eabi/4.7.3/../../../../arm-none-eabi/lib/armv7e-m/softfp\libc.a(lib_a-atexit.o)
 .debug_frame   0x00001298       0x2c c:/program files (x86)/emblocks/1.21/share/em_armgcc/bin/../lib/gcc/arm-none-eabi/4.7.3/../../../../arm-none-eabi/lib/armv7e-m/softfp\libc.a(lib_a-closer.o)
 .debug_frame   0x000012c4       0x3c c:/program files (x86)/emblocks/1.21/share/em_armgcc/bin/../lib/gcc/arm-none-eabi/4.7.3/../../../../arm-none-eabi/lib/armv7e-m/softfp\libc.a(lib_a-fclose.o)
 .debug_frame   0x00001300       0x5c c:/program files (x86)/emblocks/1.21/share/em_armgcc/bin/../lib/gcc/arm-none-eabi/4.7.3/../../../../arm-none-eabi/lib/armv7e-m/softfp\libc.a(lib_a-fflush.o)
 .debug_frame   0x0000135c       0x50 c:/program files (x86)/emblocks/1.21/share/em_armgcc/bin/../lib/gcc/arm-none-eabi/4.7.3/../../../../arm-none-eabi/lib/armv7e-m/softfp\libc.a(lib_a-freer.o)
 .debug_frame   0x000013ac       0x2c c:/program files (x86)/emblocks/1.21/share/em_armgcc/bin/../lib/gcc/arm-none-eabi/4.7.3/../../../../arm-none-eabi/lib/armv7e-m/softfp\libc.a(lib_a-lseekr.o)
 .debug_frame   0x000013d8       0x2c c:/program files (x86)/emblocks/1.21/share/em_armgcc/bin/../lib/gcc/arm-none-eabi/4.7.3/../../../../arm-none-eabi/lib/armv7e-m/softfp\libc.a(lib_a-readr.o)
 .debug_frame   0x00001404       0x68 c:/program files (x86)/emblocks/1.21/share/em_armgcc/bin/../lib/gcc/arm-none-eabi/4.7.3/../../../../arm-none-eabi/lib/armv7e-m/softfp\libc.a(lib_a-reent.o)
 .debug_frame   0x0000146c       0x20 c:/program files (x86)/emblocks/1.21/share/em_armgcc/bin/../lib/gcc/arm-none-eabi/4.7.3/../../../../arm-none-eabi/lib/armv7e-m/softfp\libnosys.a(_exit.o)
